Archive member included to satisfy reference by file (symbol)

/opt/stm32cubeide/plugins/com.st.stm32cube.ide.mcu.externaltools.gnu-tools-for-stm32.9-2020-q2-update.linux64_2.0.0.202105311346/tools/bin/../lib/gcc/arm-none-eabi/9.3.1/../../../../arm-none-eabi/lib/thumb/v7e-m+fp/hard/libc_nano.a(lib_a-errno.o)
                              ./Core/Src/syscalls.o (__errno)
/opt/stm32cubeide/plugins/com.st.stm32cube.ide.mcu.externaltools.gnu-tools-for-stm32.9-2020-q2-update.linux64_2.0.0.202105311346/tools/bin/../lib/gcc/arm-none-eabi/9.3.1/../../../../arm-none-eabi/lib/thumb/v7e-m+fp/hard/libc_nano.a(lib_a-exit.o)
                              /opt/stm32cubeide/plugins/com.st.stm32cube.ide.mcu.externaltools.gnu-tools-for-stm32.9-2020-q2-update.linux64_2.0.0.202105311346/tools/bin/../lib/gcc/arm-none-eabi/9.3.1/../../../../arm-none-eabi/lib/thumb/v7e-m+fp/hard/crt0.o (exit)
/opt/stm32cubeide/plugins/com.st.stm32cube.ide.mcu.externaltools.gnu-tools-for-stm32.9-2020-q2-update.linux64_2.0.0.202105311346/tools/bin/../lib/gcc/arm-none-eabi/9.3.1/../../../../arm-none-eabi/lib/thumb/v7e-m+fp/hard/libc_nano.a(lib_a-impure.o)
                              /opt/stm32cubeide/plugins/com.st.stm32cube.ide.mcu.externaltools.gnu-tools-for-stm32.9-2020-q2-update.linux64_2.0.0.202105311346/tools/bin/../lib/gcc/arm-none-eabi/9.3.1/../../../../arm-none-eabi/lib/thumb/v7e-m+fp/hard/libc_nano.a(lib_a-exit.o) (_global_impure_ptr)
/opt/stm32cubeide/plugins/com.st.stm32cube.ide.mcu.externaltools.gnu-tools-for-stm32.9-2020-q2-update.linux64_2.0.0.202105311346/tools/bin/../lib/gcc/arm-none-eabi/9.3.1/../../../../arm-none-eabi/lib/thumb/v7e-m+fp/hard/libc_nano.a(lib_a-init.o)
                              /opt/stm32cubeide/plugins/com.st.stm32cube.ide.mcu.externaltools.gnu-tools-for-stm32.9-2020-q2-update.linux64_2.0.0.202105311346/tools/bin/../lib/gcc/arm-none-eabi/9.3.1/../../../../arm-none-eabi/lib/thumb/v7e-m+fp/hard/crt0.o (__libc_init_array)
/opt/stm32cubeide/plugins/com.st.stm32cube.ide.mcu.externaltools.gnu-tools-for-stm32.9-2020-q2-update.linux64_2.0.0.202105311346/tools/bin/../lib/gcc/arm-none-eabi/9.3.1/../../../../arm-none-eabi/lib/thumb/v7e-m+fp/hard/libc_nano.a(lib_a-malloc.o)
                              ./Middlewares/ST/STM32_USB_Host_Library/Class/CDC/Src/usbh_cdc.o (malloc)
/opt/stm32cubeide/plugins/com.st.stm32cube.ide.mcu.externaltools.gnu-tools-for-stm32.9-2020-q2-update.linux64_2.0.0.202105311346/tools/bin/../lib/gcc/arm-none-eabi/9.3.1/../../../../arm-none-eabi/lib/thumb/v7e-m+fp/hard/libc_nano.a(lib_a-memset.o)
                              /opt/stm32cubeide/plugins/com.st.stm32cube.ide.mcu.externaltools.gnu-tools-for-stm32.9-2020-q2-update.linux64_2.0.0.202105311346/tools/bin/../lib/gcc/arm-none-eabi/9.3.1/../../../../arm-none-eabi/lib/thumb/v7e-m+fp/hard/crt0.o (memset)
/opt/stm32cubeide/plugins/com.st.stm32cube.ide.mcu.externaltools.gnu-tools-for-stm32.9-2020-q2-update.linux64_2.0.0.202105311346/tools/bin/../lib/gcc/arm-none-eabi/9.3.1/../../../../arm-none-eabi/lib/thumb/v7e-m+fp/hard/libc_nano.a(lib_a-nano-freer.o)
                              /opt/stm32cubeide/plugins/com.st.stm32cube.ide.mcu.externaltools.gnu-tools-for-stm32.9-2020-q2-update.linux64_2.0.0.202105311346/tools/bin/../lib/gcc/arm-none-eabi/9.3.1/../../../../arm-none-eabi/lib/thumb/v7e-m+fp/hard/libc_nano.a(lib_a-malloc.o) (_free_r)
/opt/stm32cubeide/plugins/com.st.stm32cube.ide.mcu.externaltools.gnu-tools-for-stm32.9-2020-q2-update.linux64_2.0.0.202105311346/tools/bin/../lib/gcc/arm-none-eabi/9.3.1/../../../../arm-none-eabi/lib/thumb/v7e-m+fp/hard/libc_nano.a(lib_a-nano-mallocr.o)
                              /opt/stm32cubeide/plugins/com.st.stm32cube.ide.mcu.externaltools.gnu-tools-for-stm32.9-2020-q2-update.linux64_2.0.0.202105311346/tools/bin/../lib/gcc/arm-none-eabi/9.3.1/../../../../arm-none-eabi/lib/thumb/v7e-m+fp/hard/libc_nano.a(lib_a-malloc.o) (_malloc_r)
/opt/stm32cubeide/plugins/com.st.stm32cube.ide.mcu.externaltools.gnu-tools-for-stm32.9-2020-q2-update.linux64_2.0.0.202105311346/tools/bin/../lib/gcc/arm-none-eabi/9.3.1/../../../../arm-none-eabi/lib/thumb/v7e-m+fp/hard/libc_nano.a(lib_a-sbrkr.o)
                              /opt/stm32cubeide/plugins/com.st.stm32cube.ide.mcu.externaltools.gnu-tools-for-stm32.9-2020-q2-update.linux64_2.0.0.202105311346/tools/bin/../lib/gcc/arm-none-eabi/9.3.1/../../../../arm-none-eabi/lib/thumb/v7e-m+fp/hard/libc_nano.a(lib_a-nano-mallocr.o) (_sbrk_r)
/opt/stm32cubeide/plugins/com.st.stm32cube.ide.mcu.externaltools.gnu-tools-for-stm32.9-2020-q2-update.linux64_2.0.0.202105311346/tools/bin/../lib/gcc/arm-none-eabi/9.3.1/../../../../arm-none-eabi/lib/thumb/v7e-m+fp/hard/libc_nano.a(lib_a-mlock.o)
                              /opt/stm32cubeide/plugins/com.st.stm32cube.ide.mcu.externaltools.gnu-tools-for-stm32.9-2020-q2-update.linux64_2.0.0.202105311346/tools/bin/../lib/gcc/arm-none-eabi/9.3.1/../../../../arm-none-eabi/lib/thumb/v7e-m+fp/hard/libc_nano.a(lib_a-nano-freer.o) (__malloc_lock)
[...]
Memory Configuration

Name             Origin             Length             Attributes
RAM              0x0000000020000000 0x0000000000020000 xrw
FLASH            0x0000000008000000 0x0000000000080000 xr
*default*        0x0000000000000000 0xffffffffffffffff

Linker script and memory map

LOAD /opt/stm32cubeide/plugins/com.st.stm32cube.ide.mcu.externaltools.gnu-tools-for-stm32.9-2020-q2-update.linux64_2.0.0.202105311346/tools/bin/../lib/gcc/arm-none-eabi/9.3.1/thumb/v7e-m+fp/hard/crti.o
LOAD /opt/stm32cubeide/plugins/com.st.stm32cube.ide.mcu.externaltools.gnu-tools-for-stm32.9-2020-q2-update.linux64_2.0.0.202105311346/tools/bin/../lib/gcc/arm-none-eabi/9.3.1/thumb/v7e-m+fp/hard/crtbegin.o
LOAD /opt/stm32cubeide/plugins/com.st.stm32cube.ide.mcu.externaltools.gnu-tools-for-stm32.9-2020-q2-update.linux64_2.0.0.202105311346/tools/bin/../lib/gcc/arm-none-eabi/9.3.1/../../../../arm-none-eabi/lib/thumb/v7e-m+fp/hard/crt0.o
LOAD ./Core/Src/dma.o
LOAD ./Core/Src/gpio.o
LOAD ./Core/Src/i2c.o
LOAD ./Core/Src/main.o
LOAD ./Core/Src/spi.o
LOAD ./Core/Src/stm32f4xx_hal_msp.o
LOAD ./Core/Src/stm32f4xx_it.o
LOAD ./Core/Src/syscalls.o
LOAD ./Core/Src/sysmem.o
LOAD ./Core/Src/system_stm32f4xx.o
LOAD ./Core/Src/tim.o
LOAD ./Core/Startup/startup_stm32f411vetx.o
LOAD ./Drivers/STM32F4xx_HAL_Driver/Src/stm32f4xx_hal.o
LOAD ./Drivers/STM32F4xx_HAL_Driver/Src/stm32f4xx_hal_cortex.o
LOAD ./Drivers/STM32F4xx_HAL_Driver/Src/stm32f4xx_hal_dma.o
LOAD ./Drivers/STM32F4xx_HAL_Driver/Src/stm32f4xx_hal_dma_ex.o
LOAD ./Drivers/STM32F4xx_HAL_Driver/Src/stm32f4xx_hal_exti.o
LOAD ./Drivers/STM32F4xx_HAL_Driver/Src/stm32f4xx_hal_flash.o
LOAD ./Drivers/STM32F4xx_HAL_Driver/Src/stm32f4xx_hal_flash_ex.o
LOAD ./Drivers/STM32F4xx_HAL_Driver/Src/stm32f4xx_hal_flash_ramfunc.o
LOAD ./Drivers/STM32F4xx_HAL_Driver/Src/stm32f4xx_hal_gpio.o
LOAD ./Drivers/STM32F4xx_HAL_Driver/Src/stm32f4xx_hal_hcd.o
LOAD ./Drivers/STM32F4xx_HAL_Driver/Src/stm32f4xx_hal_i2c.o
LOAD ./Drivers/STM32F4xx_HAL_Driver/Src/stm32f4xx_hal_i2c_ex.o
LOAD ./Drivers/STM32F4xx_HAL_Driver/Src/stm32f4xx_hal_pwr.o
LOAD ./Drivers/STM32F4xx_HAL_Driver/Src/stm32f4xx_hal_pwr_ex.o
LOAD ./Drivers/STM32F4xx_HAL_Driver/Src/stm32f4xx_hal_rcc.o
LOAD ./Drivers/STM32F4xx_HAL_Driver/Src/stm32f4xx_hal_rcc_ex.o
LOAD ./Drivers/STM32F4xx_HAL_Driver/Src/stm32f4xx_hal_spi.o
LOAD ./Drivers/STM32F4xx_HAL_Driver/Src/stm32f4xx_hal_tim.o
LOAD ./Drivers/STM32F4xx_HAL_Driver/Src/stm32f4xx_hal_tim_ex.o
LOAD ./Drivers/STM32F4xx_HAL_Driver/Src/stm32f4xx_ll_usb.o
LOAD ./Middlewares/ST/STM32_USB_Host_Library/Class/CDC/Src/usbh_cdc.o
LOAD ./Middlewares/ST/STM32_USB_Host_Library/Core/Src/usbh_core.o
LOAD ./Middlewares/ST/STM32_USB_Host_Library/Core/Src/usbh_ctlreq.o
LOAD ./Middlewares/ST/STM32_USB_Host_Library/Core/Src/usbh_ioreq.o
LOAD ./Middlewares/ST/STM32_USB_Host_Library/Core/Src/usbh_pipes.o
LOAD ./USB_HOST/App/usb_host.o
LOAD ./USB_HOST/Target/usbh_conf.o
LOAD ./USB_HOST/Target/usbh_platform.o
START GROUP
LOAD /opt/stm32cubeide/plugins/com.st.stm32cube.ide.mcu.externaltools.gnu-tools-for-stm32.9-2020-q2-update.linux64_2.0.0.202105311346/tools/bin/../lib/gcc/arm-none-eabi/9.3.1/../../../../arm-none-eabi/lib/thumb/v7e-m+fp/hard/libc_nano.a
LOAD /opt/stm32cubeide/plugins/com.st.stm32cube.ide.mcu.externaltools.gnu-tools-for-stm32.9-2020-q2-update.linux64_2.0.0.202105311346/tools/bin/../lib/gcc/arm-none-eabi/9.3.1/../../../../arm-none-eabi/lib/thumb/v7e-m+fp/hard/libm.a
END GROUP
START GROUP
LOAD /opt/stm32cubeide/plugins/com.st.stm32cube.ide.mcu.externaltools.gnu-tools-for-stm32.9-2020-q2-update.linux64_2.0.0.202105311346/tools/bin/../lib/gcc/arm-none-eabi/9.3.1/thumb/v7e-m+fp/hard/libgcc.a
LOAD /opt/stm32cubeide/plugins/com.st.stm32cube.ide.mcu.externaltools.gnu-tools-for-stm32.9-2020-q2-update.linux64_2.0.0.202105311346/tools/bin/../lib/gcc/arm-none-eabi/9.3.1/../../../../arm-none-eabi/lib/thumb/v7e-m+fp/hard/libc_nano.a
END GROUP
START GROUP
LOAD /opt/stm32cubeide/plugins/com.st.stm32cube.ide.mcu.externaltools.gnu-tools-for-stm32.9-2020-q2-update.linux64_2.0.0.202105311346/tools/bin/../lib/gcc/arm-none-eabi/9.3.1/thumb/v7e-m+fp/hard/libgcc.a
LOAD /opt/stm32cubeide/plugins/com.st.stm32cube.ide.mcu.externaltools.gnu-tools-for-stm32.9-2020-q2-update.linux64_2.0.0.202105311346/tools/bin/../lib/gcc/arm-none-eabi/9.3.1/../../../../arm-none-eabi/lib/thumb/v7e-m+fp/hard/libc_nano.a
LOAD /opt/stm32cubeide/plugins/com.st.stm32cube.ide.mcu.externaltools.gnu-tools-for-stm32.9-2020-q2-update.linux64_2.0.0.202105311346/tools/bin/../lib/gcc/arm-none-eabi/9.3.1/../../../../arm-none-eabi/lib/thumb/v7e-m+fp/hard/libnosys.a
END GROUP
START GROUP
LOAD /opt/stm32cubeide/plugins/com.st.stm32cube.ide.mcu.externaltools.gnu-tools-for-stm32.9-2020-q2-update.linux64_2.0.0.202105311346/tools/bin/../lib/gcc/arm-none-eabi/9.3.1/thumb/v7e-m+fp/hard/libgcc.a
LOAD /opt/stm32cubeide/plugins/com.st.stm32cube.ide.mcu.externaltools.gnu-tools-for-stm32.9-2020-q2-update.linux64_2.0.0.202105311346/tools/bin/../lib/gcc/arm-none-eabi/9.3.1/../../../../arm-none-eabi/lib/thumb/v7e-m+fp/hard/libc_nano.a
LOAD /opt/stm32cubeide/plugins/com.st.stm32cube.ide.mcu.externaltools.gnu-tools-for-stm32.9-2020-q2-update.linux64_2.0.0.202105311346/tools/bin/../lib/gcc/arm-none-eabi/9.3.1/../../../../arm-none-eabi/lib/thumb/v7e-m+fp/hard/libnosys.a
END GROUP
LOAD /opt/stm32cubeide/plugins/com.st.stm32cube.ide.mcu.externaltools.gnu-tools-for-stm32.9-2020-q2-update.linux64_2.0.0.202105311346/tools/bin/../lib/gcc/arm-none-eabi/9.3.1/thumb/v7e-m+fp/hard/crtend.o
LOAD /opt/stm32cubeide/plugins/com.st.stm32cube.ide.mcu.externaltools.gnu-tools-for-stm32.9-2020-q2-update.linux64_2.0.0.202105311346/tools/bin/../lib/gcc/arm-none-eabi/9.3.1/thumb/v7e-m+fp/hard/crtn.o
                0x0000000020020000                _estack = (ORIGIN (RAM) + LENGTH (RAM))
                0x0000000000000200                _Min_Heap_Size = 0x200
                0x0000000000000400                _Min_Stack_Size = 0x400

.isr_vector     0x0000000008000000      0x198
                0x0000000008000000                . = ALIGN (0x4)
 *(.isr_vector)
 .isr_vector    0x0000000008000000      0x198 ./Core/Startup/startup_stm32f411vetx.o
                0x0000000008000000                g_pfnVectors
                0x0000000008000198                . = ALIGN (0x4)

.text           0x0000000008000198     0xa598
                0x0000000008000198                . = ALIGN (0x4)
 *(.text)
 .text          0x0000000008000198       0x40 /opt/stm32cubeide/plugins/com.st.stm32cube.ide.mcu.externaltools.gnu-tools-for-stm32.9-2020-q2-update.linux64_2.0.0.202105311346/tools/bin/../lib/gcc/arm-none-eabi/9.3.1/thumb/v7e-m+fp/hard/crtbegin.o
 .text          0x00000000080001d8       0x30 /opt/stm32cubeide/plugins/com.st.stm32cube.ide.mcu.externaltools.gnu-tools-for-stm32.9-2020-q2-update.linux64_2.0.0.202105311346/tools/bin/../lib/gcc/arm-none-eabi/9.3.1/thumb/v7e-m+fp/hard/libgcc.a(_aeabi_uldivmod.o)
                0x00000000080001d8                __aeabi_uldivmod
 .text          0x0000000008000208      0x2c4 /opt/stm32cubeide/plugins/com.st.stm32cube.ide.mcu.externaltools.gnu-tools-for-stm32.9-2020-q2-update.linux64_2.0.0.202105311346/tools/bin/../lib/gcc/arm-none-eabi/9.3.1/thumb/v7e-m+fp/hard/libgcc.a(_udivmoddi4.o)
                0x0000000008000208                __udivmoddi4
 .text          0x00000000080004cc        0x4 /opt/stm32cubeide/plugins/com.st.stm32cube.ide.mcu.externaltools.gnu-tools-for-stm32.9-2020-q2-update.linux64_2.0.0.202105311346/tools/bin/../lib/gcc/arm-none-eabi/9.3.1/thumb/v7e-m+fp/hard/libgcc.a(_dvmd_tls.o)
                0x00000000080004cc                __aeabi_ldiv0
                0x00000000080004cc                __aeabi_idiv0
 *(.text*)
 .text.MX_DMA_Init
                0x00000000080004d0       0x40 ./Core/Src/dma.o
                0x00000000080004d0                MX_DMA_Init
 .text.MX_GPIO_Init
                0x0000000008000510      0x23c ./Core/Src/gpio.o
                0x0000000008000510                MX_GPIO_Init
 .text.MX_I2C1_Init
                0x000000000800074c       0x5c ./Core/Src/i2c.o
                0x000000000800074c                MX_I2C1_Init
 .text.HAL_I2C_MspInit
                0x00000000080007a8       0x90 ./Core/Src/i2c.o
                0x00000000080007a8                HAL_I2C_MspInit
 .text.HAL_TIM_PWM_PulseFinishedCallback
                0x0000000008000838       0x28 ./Core/Src/main.o
                0x0000000008000838                HAL_TIM_PWM_PulseFinishedCallback
 .text.Set_LED  0x0000000008000860       0x5c ./Core/Src/main.o
                0x0000000008000860                Set_LED
 .text.Set_Brightness
                0x00000000080008bc       0x14 ./Core/Src/main.o
                0x00000000080008bc                Set_Brightness
 .text.WS2812_Send
                0x00000000080008d0       0xdc ./Core/Src/main.o
                0x00000000080008d0                WS2812_Send
 .text.main     0x00000000080009ac      0x1b4 ./Core/Src/main.o
                0x00000000080009ac                main
 .text.SystemClock_Config
                0x0000000008000b60       0xd0 ./Core/Src/main.o
                0x0000000008000b60                SystemClock_Config
 .text.Error_Handler
                0x0000000008000c30        0xa ./Core/Src/main.o
                0x0000000008000c30                Error_Handler
 .text.assert_failed
                0x0000000008000c3a       0x16 ./Core/Src/main.o
                0x0000000008000c3a                assert_failed
 .text.MX_SPI1_Init
                0x0000000008000c50       0x6c ./Core/Src/spi.o
                0x0000000008000c50                MX_SPI1_Init
 .text.HAL_SPI_MspInit
                0x0000000008000cbc       0x90 ./Core/Src/spi.o
                0x0000000008000cbc                HAL_SPI_MspInit
 .text.HAL_MspInit
                0x0000000008000d4c       0x50 ./Core/Src/stm32f4xx_hal_msp.o
                0x0000000008000d4c                HAL_MspInit
 .text.NMI_Handler
                0x0000000008000d9c        0x6 ./Core/Src/stm32f4xx_it.o
                0x0000000008000d9c                NMI_Handler
 .text.HardFault_Handler
                0x0000000008000da2        0x6 ./Core/Src/stm32f4xx_it.o
                0x0000000008000da2                HardFault_Handler
 .text.MemManage_Handler
                0x0000000008000da8        0x6 ./Core/Src/stm32f4xx_it.o
                0x0000000008000da8                MemManage_Handler
 .text.BusFault_Handler
                0x0000000008000dae        0x6 ./Core/Src/stm32f4xx_it.o
                0x0000000008000dae                BusFault_Handler
 .text.UsageFault_Handler
                0x0000000008000db4        0x6 ./Core/Src/stm32f4xx_it.o
                0x0000000008000db4                UsageFault_Handler
 .text.SVC_Handler
                0x0000000008000dba        0xe ./Core/Src/stm32f4xx_it.o
                0x0000000008000dba                SVC_Handler
 .text.DebugMon_Handler
                0x0000000008000dc8        0xe ./Core/Src/stm32f4xx_it.o
                0x0000000008000dc8                DebugMon_Handler
 .text.PendSV_Handler
                0x0000000008000dd6        0xe ./Core/Src/stm32f4xx_it.o
                0x0000000008000dd6                PendSV_Handler
 .text.SysTick_Handler
                0x0000000008000de4        0xc ./Core/Src/stm32f4xx_it.o
                0x0000000008000de4                SysTick_Handler
 .text.DMA2_Stream1_IRQHandler
                0x0000000008000df0       0x14 ./Core/Src/stm32f4xx_it.o
                0x0000000008000df0                DMA2_Stream1_IRQHandler
 .text.OTG_FS_IRQHandler
                0x0000000008000e04       0x14 ./Core/Src/stm32f4xx_it.o
                0x0000000008000e04                OTG_FS_IRQHandler
 .text._sbrk    0x0000000008000e18       0x6c ./Core/Src/sysmem.o
                0x0000000008000e18                _sbrk
 .text.SystemInit
                0x0000000008000e84       0x24 ./Core/Src/system_stm32f4xx.o
                0x0000000008000e84                SystemInit
 .text.MX_TIM1_Init
                0x0000000008000ea8      0x140 ./Core/Src/tim.o
                0x0000000008000ea8                MX_TIM1_Init
 .text.HAL_TIM_Base_MspInit
                0x0000000008000fe8       0xa8 ./Core/Src/tim.o
                0x0000000008000fe8                HAL_TIM_Base_MspInit
 .text.HAL_TIM_MspPostInit
                0x0000000008001090       0x74 ./Core/Src/tim.o
                0x0000000008001090                HAL_TIM_MspPostInit
 .text.Reset_Handler
                0x0000000008001104       0x50 ./Core/Startup/startup_stm32f411vetx.o
                0x0000000008001104                Reset_Handler
 .text.Default_Handler
                0x0000000008001154        0x2 ./Core/Startup/startup_stm32f411vetx.o
                0x0000000008001154                RTC_Alarm_IRQHandler
                0x0000000008001154                EXTI2_IRQHandler
                0x0000000008001154                SPI4_IRQHandler
                0x0000000008001154                TIM1_CC_IRQHandler
                0x0000000008001154                DMA2_Stream5_IRQHandler
                0x0000000008001154                DMA1_Stream5_IRQHandler
                0x0000000008001154                PVD_IRQHandler
                0x0000000008001154                SDIO_IRQHandler
                0x0000000008001154                TAMP_STAMP_IRQHandler
                0x0000000008001154                EXTI3_IRQHandler
                0x0000000008001154                TIM1_UP_TIM10_IRQHandler
                0x0000000008001154                I2C3_ER_IRQHandler
                0x0000000008001154                EXTI0_IRQHandler
                0x0000000008001154                I2C2_EV_IRQHandler
                0x0000000008001154                DMA1_Stream2_IRQHandler
                0x0000000008001154                FPU_IRQHandler
                0x0000000008001154                DMA2_Stream2_IRQHandler
                0x0000000008001154                SPI1_IRQHandler
                0x0000000008001154                TIM1_BRK_TIM9_IRQHandler
                0x0000000008001154                DMA2_Stream3_IRQHandler
                0x0000000008001154                USART6_IRQHandler
                0x0000000008001154                DMA2_Stream0_IRQHandler
                0x0000000008001154                TIM4_IRQHandler
                0x0000000008001154                I2C1_EV_IRQHandler
                0x0000000008001154                DMA1_Stream6_IRQHandler
                0x0000000008001154                DMA1_Stream1_IRQHandler
                0x0000000008001154                TIM3_IRQHandler
                0x0000000008001154                RCC_IRQHandler
                0x0000000008001154                Default_Handler
                0x0000000008001154                EXTI15_10_IRQHandler
                0x0000000008001154                ADC_IRQHandler
                0x0000000008001154                DMA1_Stream7_IRQHandler
                0x0000000008001154                SPI5_IRQHandler
                0x0000000008001154                TIM5_IRQHandler
                0x0000000008001154                DMA2_Stream7_IRQHandler
                0x0000000008001154                I2C3_EV_IRQHandler
                0x0000000008001154                EXTI9_5_IRQHandler
                0x0000000008001154                RTC_WKUP_IRQHandler
                0x0000000008001154                SPI2_IRQHandler
                0x0000000008001154                DMA1_Stream0_IRQHandler
                0x0000000008001154                EXTI4_IRQHandler
                0x0000000008001154                WWDG_IRQHandler
                0x0000000008001154                TIM2_IRQHandler
                0x0000000008001154                OTG_FS_WKUP_IRQHandler
                0x0000000008001154                TIM1_TRG_COM_TIM11_IRQHandler
                0x0000000008001154                EXTI1_IRQHandler
                0x0000000008001154                USART2_IRQHandler
                0x0000000008001154                I2C2_ER_IRQHandler
                0x0000000008001154                FLASH_IRQHandler
                0x0000000008001154                DMA2_Stream4_IRQHandler
                0x0000000008001154                USART1_IRQHandler
                0x0000000008001154                SPI3_IRQHandler
                0x0000000008001154                DMA1_Stream4_IRQHandler
                0x0000000008001154                I2C1_ER_IRQHandler
                0x0000000008001154                DMA2_Stream6_IRQHandler
                0x0000000008001154                DMA1_Stream3_IRQHandler
 *fill*         0x0000000008001156        0x2 
 .text.HAL_Init
                0x0000000008001158       0x44 ./Drivers/STM32F4xx_HAL_Driver/Src/stm32f4xx_hal.o
                0x0000000008001158                HAL_Init
 .text.HAL_InitTick
                0x000000000800119c       0x60 ./Drivers/STM32F4xx_HAL_Driver/Src/stm32f4xx_hal.o
                0x000000000800119c                HAL_InitTick
 .text.HAL_IncTick
                0x00000000080011fc       0x28 ./Drivers/STM32F4xx_HAL_Driver/Src/stm32f4xx_hal.o
                0x00000000080011fc                HAL_IncTick
 .text.HAL_GetTick
                0x0000000008001224       0x18 ./Drivers/STM32F4xx_HAL_Driver/Src/stm32f4xx_hal.o
                0x0000000008001224                HAL_GetTick
 .text.HAL_Delay
                0x000000000800123c       0x48 ./Drivers/STM32F4xx_HAL_Driver/Src/stm32f4xx_hal.o
                0x000000000800123c                HAL_Delay
 .text.__NVIC_SetPriorityGrouping
                0x0000000008001284       0x48 ./Drivers/STM32F4xx_HAL_Driver/Src/stm32f4xx_hal_cortex.o
 .text.__NVIC_GetPriorityGrouping
                0x00000000080012cc       0x1c ./Drivers/STM32F4xx_HAL_Driver/Src/stm32f4xx_hal_cortex.o
 .text.__NVIC_EnableIRQ
                0x00000000080012e8       0x3c ./Drivers/STM32F4xx_HAL_Driver/Src/stm32f4xx_hal_cortex.o
 .text.__NVIC_SetPriority
                0x0000000008001324       0x54 ./Drivers/STM32F4xx_HAL_Driver/Src/stm32f4xx_hal_cortex.o
 .text.NVIC_EncodePriority
                0x0000000008001378       0x66 ./Drivers/STM32F4xx_HAL_Driver/Src/stm32f4xx_hal_cortex.o
 *fill*         0x00000000080013de        0x2 
 .text.SysTick_Config
                0x00000000080013e0       0x44 ./Drivers/STM32F4xx_HAL_Driver/Src/stm32f4xx_hal_cortex.o
 .text.HAL_NVIC_SetPriorityGrouping
                0x0000000008001424       0x40 ./Drivers/STM32F4xx_HAL_Driver/Src/stm32f4xx_hal_cortex.o
                0x0000000008001424                HAL_NVIC_SetPriorityGrouping
 .text.HAL_NVIC_SetPriority
                0x0000000008001464       0x58 ./Drivers/STM32F4xx_HAL_Driver/Src/stm32f4xx_hal_cortex.o
                0x0000000008001464                HAL_NVIC_SetPriority
 .text.HAL_NVIC_EnableIRQ
                0x00000000080014bc       0x30 ./Drivers/STM32F4xx_HAL_Driver/Src/stm32f4xx_hal_cortex.o
                0x00000000080014bc                HAL_NVIC_EnableIRQ
 .text.HAL_SYSTICK_Config
                0x00000000080014ec       0x18 ./Drivers/STM32F4xx_HAL_Driver/Src/stm32f4xx_hal_cortex.o
                0x00000000080014ec                HAL_SYSTICK_Config
 .text.HAL_DMA_Init
                0x0000000008001504      0x438 ./Drivers/STM32F4xx_HAL_Driver/Src/stm32f4xx_hal_dma.o
                0x0000000008001504                HAL_DMA_Init
 .text.HAL_DMA_Start_IT
                0x000000000800193c       0xcc ./Drivers/STM32F4xx_HAL_Driver/Src/stm32f4xx_hal_dma.o
                0x000000000800193c                HAL_DMA_Start_IT
 .text.HAL_DMA_Abort_IT
                0x0000000008001a08       0x44 ./Drivers/STM32F4xx_HAL_Driver/Src/stm32f4xx_hal_dma.o
                0x0000000008001a08                HAL_DMA_Abort_IT
 .text.HAL_DMA_IRQHandler
                0x0000000008001a4c      0x314 ./Drivers/STM32F4xx_HAL_Driver/Src/stm32f4xx_hal_dma.o
                0x0000000008001a4c                HAL_DMA_IRQHandler
 .text.DMA_SetConfig
                0x0000000008001d60       0x5c ./Drivers/STM32F4xx_HAL_Driver/Src/stm32f4xx_hal_dma.o
 .text.DMA_CalcBaseAndBitshift
                0x0000000008001dbc       0x6c ./Drivers/STM32F4xx_HAL_Driver/Src/stm32f4xx_hal_dma.o
 .text.DMA_CheckFifoParam
                0x0000000008001e28       0xf8 ./Drivers/STM32F4xx_HAL_Driver/Src/stm32f4xx_hal_dma.o
 .text.HAL_GPIO_Init
                0x0000000008001f20      0x538 ./Drivers/STM32F4xx_HAL_Driver/Src/stm32f4xx_hal_gpio.o
                0x0000000008001f20                HAL_GPIO_Init
 .text.HAL_GPIO_WritePin
                0x0000000008002458       0x64 ./Drivers/STM32F4xx_HAL_Driver/Src/stm32f4xx_hal_gpio.o
                0x0000000008002458                HAL_GPIO_WritePin
 .text.HAL_HCD_Init
                0x00000000080024bc       0xdc ./Drivers/STM32F4xx_HAL_Driver/Src/stm32f4xx_hal_hcd.o
                0x00000000080024bc                HAL_HCD_Init
 .text.HAL_HCD_HC_Init
                0x0000000008002598      0x11e ./Drivers/STM32F4xx_HAL_Driver/Src/stm32f4xx_hal_hcd.o
                0x0000000008002598                HAL_HCD_HC_Init
 .text.HAL_HCD_HC_Halt
                0x00000000080026b6       0x46 ./Drivers/STM32F4xx_HAL_Driver/Src/stm32f4xx_hal_hcd.o
                0x00000000080026b6                HAL_HCD_HC_Halt
 .text.HAL_HCD_HC_SubmitRequest
                0x00000000080026fc      0x2ac ./Drivers/STM32F4xx_HAL_Driver/Src/stm32f4xx_hal_hcd.o
                0x00000000080026fc                HAL_HCD_HC_SubmitRequest
 .text.HAL_HCD_IRQHandler
                0x00000000080029a8      0x216 ./Drivers/STM32F4xx_HAL_Driver/Src/stm32f4xx_hal_hcd.o
                0x00000000080029a8                HAL_HCD_IRQHandler
 .text.HAL_HCD_Start
                0x0000000008002bbe       0x46 ./Drivers/STM32F4xx_HAL_Driver/Src/stm32f4xx_hal_hcd.o
                0x0000000008002bbe                HAL_HCD_Start
 .text.HAL_HCD_Stop
                0x0000000008002c04       0x3a ./Drivers/STM32F4xx_HAL_Driver/Src/stm32f4xx_hal_hcd.o
                0x0000000008002c04                HAL_HCD_Stop
 .text.HAL_HCD_ResetPort
                0x0000000008002c3e       0x1c ./Drivers/STM32F4xx_HAL_Driver/Src/stm32f4xx_hal_hcd.o
                0x0000000008002c3e                HAL_HCD_ResetPort
 .text.HAL_HCD_HC_GetURBState
                0x0000000008002c5a       0x28 ./Drivers/STM32F4xx_HAL_Driver/Src/stm32f4xx_hal_hcd.o
                0x0000000008002c5a                HAL_HCD_HC_GetURBState
 .text.HAL_HCD_HC_GetXferCount
                0x0000000008002c82       0x28 ./Drivers/STM32F4xx_HAL_Driver/Src/stm32f4xx_hal_hcd.o
                0x0000000008002c82                HAL_HCD_HC_GetXferCount
 .text.HAL_HCD_GetCurrentFrame
                0x0000000008002caa       0x1c ./Drivers/STM32F4xx_HAL_Driver/Src/stm32f4xx_hal_hcd.o
                0x0000000008002caa                HAL_HCD_GetCurrentFrame
 .text.HAL_HCD_GetCurrentSpeed
                0x0000000008002cc6       0x1c ./Drivers/STM32F4xx_HAL_Driver/Src/stm32f4xx_hal_hcd.o
                0x0000000008002cc6                HAL_HCD_GetCurrentSpeed
 .text.HCD_HC_IN_IRQHandler
                0x0000000008002ce2      0x844 ./Drivers/STM32F4xx_HAL_Driver/Src/stm32f4xx_hal_hcd.o
 .text.HCD_HC_OUT_IRQHandler
                0x0000000008003526      0x802 ./Drivers/STM32F4xx_HAL_Driver/Src/stm32f4xx_hal_hcd.o
 .text.HCD_RXQLVL_IRQHandler
                0x0000000008003d28      0x1a4 ./Drivers/STM32F4xx_HAL_Driver/Src/stm32f4xx_hal_hcd.o
 .text.HCD_Port_IRQHandler
                0x0000000008003ecc       0xe6 ./Drivers/STM32F4xx_HAL_Driver/Src/stm32f4xx_hal_hcd.o
 *fill*         0x0000000008003fb2        0x2 
 .text.HAL_I2C_Init
                0x0000000008003fb4      0x398 ./Drivers/STM32F4xx_HAL_Driver/Src/stm32f4xx_hal_i2c.o
                0x0000000008003fb4                HAL_I2C_Init
 .text.HAL_RCC_OscConfig
                0x000000000800434c      0x650 ./Drivers/STM32F4xx_HAL_Driver/Src/stm32f4xx_hal_rcc.o
                0x000000000800434c                HAL_RCC_OscConfig
 .text.HAL_RCC_ClockConfig
                0x000000000800499c      0x31c ./Drivers/STM32F4xx_HAL_Driver/Src/stm32f4xx_hal_rcc.o
                0x000000000800499c                HAL_RCC_ClockConfig
 .text.HAL_RCC_GetSysClockFreq
                0x0000000008004cb8      0x1c4 ./Drivers/STM32F4xx_HAL_Driver/Src/stm32f4xx_hal_rcc.o
                0x0000000008004cb8                HAL_RCC_GetSysClockFreq
 .text.HAL_RCC_GetHCLKFreq
                0x0000000008004e7c       0x18 ./Drivers/STM32F4xx_HAL_Driver/Src/stm32f4xx_hal_rcc.o
                0x0000000008004e7c                HAL_RCC_GetHCLKFreq
 .text.HAL_RCC_GetPCLK1Freq
                0x0000000008004e94       0x28 ./Drivers/STM32F4xx_HAL_Driver/Src/stm32f4xx_hal_rcc.o
                0x0000000008004e94                HAL_RCC_GetPCLK1Freq
 .text.HAL_SPI_Init
                0x0000000008004ebc      0x338 ./Drivers/STM32F4xx_HAL_Driver/Src/stm32f4xx_hal_spi.o
                0x0000000008004ebc                HAL_SPI_Init
 .text.HAL_TIM_Base_Init
                0x00000000080051f4      0x18c ./Drivers/STM32F4xx_HAL_Driver/Src/stm32f4xx_hal_tim.o
                0x00000000080051f4                HAL_TIM_Base_Init
 .text.HAL_TIM_PWM_Init
                0x0000000008005380      0x18c ./Drivers/STM32F4xx_HAL_Driver/Src/stm32f4xx_hal_tim.o
                0x0000000008005380                HAL_TIM_PWM_Init
 .text.HAL_TIM_PWM_MspInit
                0x000000000800550c       0x14 ./Drivers/STM32F4xx_HAL_Driver/Src/stm32f4xx_hal_tim.o
                0x000000000800550c                HAL_TIM_PWM_MspInit
 .text.HAL_TIM_PWM_Start_DMA
                0x0000000008005520      0x474 ./Drivers/STM32F4xx_HAL_Driver/Src/stm32f4xx_hal_tim.o
                0x0000000008005520                HAL_TIM_PWM_Start_DMA
 .text.HAL_TIM_PWM_Stop_DMA
                0x0000000008005994      0x290 ./Drivers/STM32F4xx_HAL_Driver/Src/stm32f4xx_hal_tim.o
                0x0000000008005994                HAL_TIM_PWM_Stop_DMA
 .text.HAL_TIM_PWM_ConfigChannel
                0x0000000008005c24      0x34c ./Drivers/STM32F4xx_HAL_Driver/Src/stm32f4xx_hal_tim.o
                0x0000000008005c24                HAL_TIM_PWM_ConfigChannel
 .text.HAL_TIM_ConfigClockSource
                0x0000000008005f70      0x620 ./Drivers/STM32F4xx_HAL_Driver/Src/stm32f4xx_hal_tim.o
                0x0000000008005f70                HAL_TIM_ConfigClockSource
 .text.HAL_TIM_PWM_PulseFinishedHalfCpltCallback
                0x0000000008006590       0x14 ./Drivers/STM32F4xx_HAL_Driver/Src/stm32f4xx_hal_tim.o
                0x0000000008006590                HAL_TIM_PWM_PulseFinishedHalfCpltCallback
 .text.HAL_TIM_ErrorCallback
                0x00000000080065a4       0x14 ./Drivers/STM32F4xx_HAL_Driver/Src/stm32f4xx_hal_tim.o
                0x00000000080065a4                HAL_TIM_ErrorCallback
 .text.TIM_DMAError
                0x00000000080065b8       0x92 ./Drivers/STM32F4xx_HAL_Driver/Src/stm32f4xx_hal_tim.o
                0x00000000080065b8                TIM_DMAError
 .text.TIM_DMADelayPulseCplt
                0x000000000800664a       0xa8 ./Drivers/STM32F4xx_HAL_Driver/Src/stm32f4xx_hal_tim.o
 .text.TIM_DMADelayPulseHalfCplt
                0x00000000080066f2       0x68 ./Drivers/STM32F4xx_HAL_Driver/Src/stm32f4xx_hal_tim.o
                0x00000000080066f2                TIM_DMADelayPulseHalfCplt
 *fill*         0x000000000800675a        0x2 
 .text.TIM_Base_SetConfig
                0x000000000800675c      0x100 ./Drivers/STM32F4xx_HAL_Driver/Src/stm32f4xx_hal_tim.o
                0x000000000800675c                TIM_Base_SetConfig
 .text.TIM_OC1_SetConfig
                0x000000000800685c      0x120 ./Drivers/STM32F4xx_HAL_Driver/Src/stm32f4xx_hal_tim.o
 .text.TIM_OC2_SetConfig
                0x000000000800697c      0x128 ./Drivers/STM32F4xx_HAL_Driver/Src/stm32f4xx_hal_tim.o
                0x000000000800697c                TIM_OC2_SetConfig
 .text.TIM_OC3_SetConfig
                0x0000000008006aa4      0x128 ./Drivers/STM32F4xx_HAL_Driver/Src/stm32f4xx_hal_tim.o
 .text.TIM_OC4_SetConfig
                0x0000000008006bcc       0xbc ./Drivers/STM32F4xx_HAL_Driver/Src/stm32f4xx_hal_tim.o
 .text.TIM_TI1_ConfigInputStage
                0x0000000008006c88       0x5e ./Drivers/STM32F4xx_HAL_Driver/Src/stm32f4xx_hal_tim.o
 .text.TIM_TI2_ConfigInputStage
                0x0000000008006ce6       0x60 ./Drivers/STM32F4xx_HAL_Driver/Src/stm32f4xx_hal_tim.o
 .text.TIM_ITRx_SetConfig
                0x0000000008006d46       0x36 ./Drivers/STM32F4xx_HAL_Driver/Src/stm32f4xx_hal_tim.o
 .text.TIM_ETR_SetConfig
                0x0000000008006d7c       0x40 ./Drivers/STM32F4xx_HAL_Driver/Src/stm32f4xx_hal_tim.o
                0x0000000008006d7c                TIM_ETR_SetConfig
 .text.TIM_CCxChannelCmd
                0x0000000008006dbc       0xd8 ./Drivers/STM32F4xx_HAL_Driver/Src/stm32f4xx_hal_tim.o
                0x0000000008006dbc                TIM_CCxChannelCmd
 .text.HAL_TIMEx_MasterConfigSynchronization
                0x0000000008006e94      0x17c ./Drivers/STM32F4xx_HAL_Driver/Src/stm32f4xx_hal_tim_ex.o
                0x0000000008006e94                HAL_TIMEx_MasterConfigSynchronization
 .text.HAL_TIMEx_ConfigBreakDeadTime
                0x0000000008007010      0x18c ./Drivers/STM32F4xx_HAL_Driver/Src/stm32f4xx_hal_tim_ex.o
                0x0000000008007010                HAL_TIMEx_ConfigBreakDeadTime
 .text.USB_CoreInit
                0x000000000800719c       0xc2 ./Drivers/STM32F4xx_HAL_Driver/Src/stm32f4xx_ll_usb.o
                0x000000000800719c                USB_CoreInit
 .text.USB_EnableGlobalInt
                0x000000000800725e       0x22 ./Drivers/STM32F4xx_HAL_Driver/Src/stm32f4xx_ll_usb.o
                0x000000000800725e                USB_EnableGlobalInt
 .text.USB_DisableGlobalInt
                0x0000000008007280       0x22 ./Drivers/STM32F4xx_HAL_Driver/Src/stm32f4xx_ll_usb.o
                0x0000000008007280                USB_DisableGlobalInt
 .text.USB_SetCurrentMode
                0x00000000080072a2       0x98 ./Drivers/STM32F4xx_HAL_Driver/Src/stm32f4xx_ll_usb.o
                0x00000000080072a2                USB_SetCurrentMode
 *fill*         0x000000000800733a        0x2 
 .text.USB_FlushTxFifo
                0x000000000800733c       0x48 ./Drivers/STM32F4xx_HAL_Driver/Src/stm32f4xx_ll_usb.o
                0x000000000800733c                USB_FlushTxFifo
 .text.USB_FlushRxFifo
                0x0000000008007384       0x40 ./Drivers/STM32F4xx_HAL_Driver/Src/stm32f4xx_ll_usb.o
                0x0000000008007384                USB_FlushRxFifo
 .text.USB_WritePacket
                0x00000000080073c4       0x7c ./Drivers/STM32F4xx_HAL_Driver/Src/stm32f4xx_ll_usb.o
                0x00000000080073c4                USB_WritePacket
 .text.USB_ReadPacket
                0x0000000008007440       0xb0 ./Drivers/STM32F4xx_HAL_Driver/Src/stm32f4xx_ll_usb.o
                0x0000000008007440                USB_ReadPacket
 .text.USB_ReadInterrupts
                0x00000000080074f0       0x26 ./Drivers/STM32F4xx_HAL_Driver/Src/stm32f4xx_ll_usb.o
                0x00000000080074f0                USB_ReadInterrupts
 .text.USB_GetMode
                0x0000000008007516       0x1c ./Drivers/STM32F4xx_HAL_Driver/Src/stm32f4xx_ll_usb.o
                0x0000000008007516                USB_GetMode
 *fill*         0x0000000008007532        0x2 
 .text.USB_CoreReset
                0x0000000008007534       0x64 ./Drivers/STM32F4xx_HAL_Driver/Src/stm32f4xx_ll_usb.o
 .text.USB_HostInit
                0x0000000008007598      0x168 ./Drivers/STM32F4xx_HAL_Driver/Src/stm32f4xx_ll_usb.o
                0x0000000008007598                USB_HostInit
 .text.USB_InitFSLSPClkSel
                0x0000000008007700       0x74 ./Drivers/STM32F4xx_HAL_Driver/Src/stm32f4xx_ll_usb.o
                0x0000000008007700                USB_InitFSLSPClkSel
 .text.USB_ResetPort
                0x0000000008007774       0x54 ./Drivers/STM32F4xx_HAL_Driver/Src/stm32f4xx_ll_usb.o
                0x0000000008007774                USB_ResetPort
 .text.USB_DriveVbus
                0x00000000080077c8       0x72 ./Drivers/STM32F4xx_HAL_Driver/Src/stm32f4xx_ll_usb.o
                0x00000000080077c8                USB_DriveVbus
 .text.USB_GetHostSpeed
                0x000000000800783a       0x2e ./Drivers/STM32F4xx_HAL_Driver/Src/stm32f4xx_ll_usb.o
                0x000000000800783a                USB_GetHostSpeed
 .text.USB_GetCurrentFrame
                0x0000000008007868       0x22 ./Drivers/STM32F4xx_HAL_Driver/Src/stm32f4xx_ll_usb.o
                0x0000000008007868                USB_GetCurrentFrame
 *fill*         0x000000000800788a        0x2 
 .text.USB_HC_Init
                0x000000000800788c      0x21c ./Drivers/STM32F4xx_HAL_Driver/Src/stm32f4xx_ll_usb.o
                0x000000000800788c                USB_HC_Init
 .text.USB_HC_StartXfer
                0x0000000008007aa8      0x284 ./Drivers/STM32F4xx_HAL_Driver/Src/stm32f4xx_ll_usb.o
                0x0000000008007aa8                USB_HC_StartXfer
 .text.USB_HC_ReadInterrupt
                0x0000000008007d2c       0x22 ./Drivers/STM32F4xx_HAL_Driver/Src/stm32f4xx_ll_usb.o
                0x0000000008007d2c                USB_HC_ReadInterrupt
 .text.USB_HC_Halt
                0x0000000008007d4e      0x238 ./Drivers/STM32F4xx_HAL_Driver/Src/stm32f4xx_ll_usb.o
                0x0000000008007d4e                USB_HC_Halt
 *fill*         0x0000000008007f86        0x2 
 .text.USB_DoPing
                0x0000000008007f88       0x78 ./Drivers/STM32F4xx_HAL_Driver/Src/stm32f4xx_ll_usb.o
                0x0000000008007f88                USB_DoPing
 .text.USB_StopHost
                0x0000000008008000      0x10c ./Drivers/STM32F4xx_HAL_Driver/Src/stm32f4xx_ll_usb.o
                0x0000000008008000                USB_StopHost
 .text.USBH_CDC_InterfaceInit
                0x000000000800810c      0x2ac ./Middlewares/ST/STM32_USB_Host_Library/Class/CDC/Src/usbh_cdc.o
 .text.USBH_CDC_InterfaceDeInit
                0x00000000080083b8       0xb2 ./Middlewares/ST/STM32_USB_Host_Library/Class/CDC/Src/usbh_cdc.o
 .text.USBH_CDC_ClassRequest
                0x000000000800846a       0x3e ./Middlewares/ST/STM32_USB_Host_Library/Class/CDC/Src/usbh_cdc.o
 .text.USBH_CDC_Process
                0x00000000080084a8      0x12c ./Middlewares/ST/STM32_USB_Host_Library/Class/CDC/Src/usbh_cdc.o
 .text.USBH_CDC_SOFProcess
                0x00000000080085d4       0x16 ./Middlewares/ST/STM32_USB_Host_Library/Class/CDC/Src/usbh_cdc.o
 .text.GetLineCoding
                0x00000000080085ea       0x3e ./Middlewares/ST/STM32_USB_Host_Library/Class/CDC/Src/usbh_cdc.o
 .text.SetLineCoding
                0x0000000008008628       0x3e ./Middlewares/ST/STM32_USB_Host_Library/Class/CDC/Src/usbh_cdc.o
 .text.CDC_ProcessTransmission
                0x0000000008008666       0xec ./Middlewares/ST/STM32_USB_Host_Library/Class/CDC/Src/usbh_cdc.o
 .text.CDC_ProcessReception
                0x0000000008008752       0xb6 ./Middlewares/ST/STM32_USB_Host_Library/Class/CDC/Src/usbh_cdc.o
 .text.USBH_CDC_TransmitCallback
                0x0000000008008808       0x14 ./Middlewares/ST/STM32_USB_Host_Library/Class/CDC/Src/usbh_cdc.o
                0x0000000008008808                USBH_CDC_TransmitCallback
 .text.USBH_CDC_ReceiveCallback
                0x000000000800881c       0x14 ./Middlewares/ST/STM32_USB_Host_Library/Class/CDC/Src/usbh_cdc.o
                0x000000000800881c                USBH_CDC_ReceiveCallback
 .text.USBH_CDC_LineCodingChanged
                0x0000000008008830       0x14 ./Middlewares/ST/STM32_USB_Host_Library/Class/CDC/Src/usbh_cdc.o
                0x0000000008008830                USBH_CDC_LineCodingChanged
 .text.USBH_Init
                0x0000000008008844       0x74 ./Middlewares/ST/STM32_USB_Host_Library/Core/Src/usbh_core.o
                0x0000000008008844                USBH_Init
 .text.DeInitStateMachine
                0x00000000080088b8       0xa8 ./Middlewares/ST/STM32_USB_Host_Library/Core/Src/usbh_core.o
 .text.USBH_RegisterClass
                0x0000000008008960       0x54 ./Middlewares/ST/STM32_USB_Host_Library/Core/Src/usbh_core.o
                0x0000000008008960                USBH_RegisterClass
 .text.USBH_SelectInterface
                0x00000000080089b4       0x38 ./Middlewares/ST/STM32_USB_Host_Library/Core/Src/usbh_core.o
                0x00000000080089b4                USBH_SelectInterface
 .text.USBH_FindInterface
                0x00000000080089ec       0x8c ./Middlewares/ST/STM32_USB_Host_Library/Core/Src/usbh_core.o
                0x00000000080089ec                USBH_FindInterface
 .text.USBH_Start
                0x0000000008008a78       0x20 ./Middlewares/ST/STM32_USB_Host_Library/Core/Src/usbh_core.o
                0x0000000008008a78                USBH_Start
 .text.USBH_Process
                0x0000000008008a98      0x3c0 ./Middlewares/ST/STM32_USB_Host_Library/Core/Src/usbh_core.o
                0x0000000008008a98                USBH_Process
 .text.USBH_HandleEnum
                0x0000000008008e58      0x3c8 ./Middlewares/ST/STM32_USB_Host_Library/Core/Src/usbh_core.o
 .text.USBH_LL_SetTimer
                0x0000000008009220       0x1e ./Middlewares/ST/STM32_USB_Host_Library/Core/Src/usbh_core.o
                0x0000000008009220                USBH_LL_SetTimer
 .text.USBH_LL_IncTimer
                0x000000000800923e       0x24 ./Middlewares/ST/STM32_USB_Host_Library/Core/Src/usbh_core.o
                0x000000000800923e                USBH_LL_IncTimer
 .text.USBH_HandleSof
                0x0000000008009262       0x30 ./Middlewares/ST/STM32_USB_Host_Library/Core/Src/usbh_core.o
 .text.USBH_LL_PortEnabled
                0x0000000008009292       0x1c ./Middlewares/ST/STM32_USB_Host_Library/Core/Src/usbh_core.o
                0x0000000008009292                USBH_LL_PortEnabled
 .text.USBH_LL_PortDisabled
                0x00000000080092ae       0x1c ./Middlewares/ST/STM32_USB_Host_Library/Core/Src/usbh_core.o
                0x00000000080092ae                USBH_LL_PortDisabled
 .text.USBH_LL_Connect
                0x00000000080092ca       0x2e ./Middlewares/ST/STM32_USB_Host_Library/Core/Src/usbh_core.o
                0x00000000080092ca                USBH_LL_Connect
 .text.USBH_LL_Disconnect
                0x00000000080092f8       0x48 ./Middlewares/ST/STM32_USB_Host_Library/Core/Src/usbh_core.o
                0x00000000080092f8                USBH_LL_Disconnect
 .text.USBH_Get_DevDesc
                0x0000000008009340       0x50 ./Middlewares/ST/STM32_USB_Host_Library/Core/Src/usbh_ctlreq.o
                0x0000000008009340                USBH_Get_DevDesc
 .text.USBH_Get_CfgDesc
                0x0000000008009390       0x48 ./Middlewares/ST/STM32_USB_Host_Library/Core/Src/usbh_ctlreq.o
                0x0000000008009390                USBH_Get_CfgDesc
 .text.USBH_Get_StringDesc
                0x00000000080093d8       0x56 ./Middlewares/ST/STM32_USB_Host_Library/Core/Src/usbh_ctlreq.o
                0x00000000080093d8                USBH_Get_StringDesc
 .text.USBH_GetDescriptor
                0x000000000800942e       0x6a ./Middlewares/ST/STM32_USB_Host_Library/Core/Src/usbh_ctlreq.o
                0x000000000800942e                USBH_GetDescriptor
 .text.USBH_SetAddress
                0x0000000008009498       0x48 ./Middlewares/ST/STM32_USB_Host_Library/Core/Src/usbh_ctlreq.o
                0x0000000008009498                USBH_SetAddress
 .text.USBH_SetCfg
                0x00000000080094e0       0x46 ./Middlewares/ST/STM32_USB_Host_Library/Core/Src/usbh_ctlreq.o
                0x00000000080094e0                USBH_SetCfg
 .text.USBH_SetFeature
                0x0000000008009526       0x48 ./Middlewares/ST/STM32_USB_Host_Library/Core/Src/usbh_ctlreq.o
                0x0000000008009526                USBH_SetFeature
 .text.USBH_ClrFeature
                0x000000000800956e       0x48 ./Middlewares/ST/STM32_USB_Host_Library/Core/Src/usbh_ctlreq.o
                0x000000000800956e                USBH_ClrFeature
 .text.USBH_ParseDevDesc
                0x00000000080095b6       0xe0 ./Middlewares/ST/STM32_USB_Host_Library/Core/Src/usbh_ctlreq.o
 .text.USBH_ParseCfgDesc
                0x0000000008009696      0x144 ./Middlewares/ST/STM32_USB_Host_Library/Core/Src/usbh_ctlreq.o
 .text.USBH_ParseInterfaceDesc
                0x00000000080097da       0x5e ./Middlewares/ST/STM32_USB_Host_Library/Core/Src/usbh_ctlreq.o
 .text.USBH_ParseEPDesc
                0x0000000008009838       0x5a ./Middlewares/ST/STM32_USB_Host_Library/Core/Src/usbh_ctlreq.o
 .text.USBH_ParseStringDesc
                0x0000000008009892       0x66 ./Middlewares/ST/STM32_USB_Host_Library/Core/Src/usbh_ctlreq.o
 .text.USBH_GetNextDesc
                0x00000000080098f8       0x36 ./Middlewares/ST/STM32_USB_Host_Library/Core/Src/usbh_ctlreq.o
                0x00000000080098f8                USBH_GetNextDesc
 .text.USBH_CtlReq
                0x000000000800992e       0x7a ./Middlewares/ST/STM32_USB_Host_Library/Core/Src/usbh_ctlreq.o
                0x000000000800992e                USBH_CtlReq
 .text.USBH_HandleControl
                0x00000000080099a8      0x2e8 ./Middlewares/ST/STM32_USB_Host_Library/Core/Src/usbh_ctlreq.o
 .text.USBH_CtlSendSetup
                0x0000000008009c90       0x34 ./Middlewares/ST/STM32_USB_Host_Library/Core/Src/usbh_ioreq.o
                0x0000000008009c90                USBH_CtlSendSetup
 .text.USBH_CtlSendData
                0x0000000008009cc4       0x4a ./Middlewares/ST/STM32_USB_Host_Library/Core/Src/usbh_ioreq.o
                0x0000000008009cc4                USBH_CtlSendData
 .text.USBH_CtlReceiveData
                0x0000000008009d0e       0x3c ./Middlewares/ST/STM32_USB_Host_Library/Core/Src/usbh_ioreq.o
                0x0000000008009d0e                USBH_CtlReceiveData
 .text.USBH_BulkSendData
                0x0000000008009d4a       0x4a ./Middlewares/ST/STM32_USB_Host_Library/Core/Src/usbh_ioreq.o
                0x0000000008009d4a                USBH_BulkSendData
 .text.USBH_BulkReceiveData
                0x0000000008009d94       0x3c ./Middlewares/ST/STM32_USB_Host_Library/Core/Src/usbh_ioreq.o
                0x0000000008009d94                USBH_BulkReceiveData
 .text.USBH_OpenPipe
                0x0000000008009dd0       0x3e ./Middlewares/ST/STM32_USB_Host_Library/Core/Src/usbh_pipes.o
                0x0000000008009dd0                USBH_OpenPipe
 .text.USBH_ClosePipe
                0x0000000008009e0e       0x20 ./Middlewares/ST/STM32_USB_Host_Library/Core/Src/usbh_pipes.o
                0x0000000008009e0e                USBH_ClosePipe
 .text.USBH_AllocPipe
                0x0000000008009e2e       0x42 ./Middlewares/ST/STM32_USB_Host_Library/Core/Src/usbh_pipes.o
                0x0000000008009e2e                USBH_AllocPipe
 .text.USBH_FreePipe
                0x0000000008009e70       0x3c ./Middlewares/ST/STM32_USB_Host_Library/Core/Src/usbh_pipes.o
                0x0000000008009e70                USBH_FreePipe
 .text.USBH_GetFreePipe
                0x0000000008009eac       0x48 ./Middlewares/ST/STM32_USB_Host_Library/Core/Src/usbh_pipes.o
 .text.MX_USB_HOST_Init
                0x0000000008009ef4       0x4c ./USB_HOST/App/usb_host.o
                0x0000000008009ef4                MX_USB_HOST_Init
 .text.MX_USB_HOST_Process
                0x0000000008009f40       0x14 ./USB_HOST/App/usb_host.o
                0x0000000008009f40                MX_USB_HOST_Process
 .text.USBH_UserProcess
                0x0000000008009f54       0x5c ./USB_HOST/App/usb_host.o
 .text.HAL_HCD_MspInit
                0x0000000008009fb0       0xc4 ./USB_HOST/Target/usbh_conf.o
                0x0000000008009fb0                HAL_HCD_MspInit
 .text.HAL_HCD_SOF_Callback
                0x000000000800a074       0x1c ./USB_HOST/Target/usbh_conf.o
                0x000000000800a074                HAL_HCD_SOF_Callback
 .text.HAL_HCD_Connect_Callback
                0x000000000800a090       0x1c ./USB_HOST/Target/usbh_conf.o
                0x000000000800a090                HAL_HCD_Connect_Callback
 .text.HAL_HCD_Disconnect_Callback
                0x000000000800a0ac       0x1c ./USB_HOST/Target/usbh_conf.o
                0x000000000800a0ac                HAL_HCD_Disconnect_Callback
 .text.HAL_HCD_HC_NotifyURBChange_Callback
                0x000000000800a0c8       0x1c ./USB_HOST/Target/usbh_conf.o
                0x000000000800a0c8                HAL_HCD_HC_NotifyURBChange_Callback
 .text.HAL_HCD_PortEnabled_Callback
                0x000000000800a0e4       0x1c ./USB_HOST/Target/usbh_conf.o
                0x000000000800a0e4                HAL_HCD_PortEnabled_Callback
 .text.HAL_HCD_PortDisabled_Callback
                0x000000000800a100       0x1c ./USB_HOST/Target/usbh_conf.o
                0x000000000800a100                HAL_HCD_PortDisabled_Callback
 .text.USBH_LL_Init
                0x000000000800a11c       0x78 ./USB_HOST/Target/usbh_conf.o
                0x000000000800a11c                USBH_LL_Init
 .text.USBH_LL_Start
                0x000000000800a194       0x36 ./USB_HOST/Target/usbh_conf.o
                0x000000000800a194                USBH_LL_Start
 .text.USBH_LL_Stop
                0x000000000800a1ca       0x36 ./USB_HOST/Target/usbh_conf.o
                0x000000000800a1ca                USBH_LL_Stop
 .text.USBH_LL_GetSpeed
                0x000000000800a200       0x4e ./USB_HOST/Target/usbh_conf.o
                0x000000000800a200                USBH_LL_GetSpeed
 .text.USBH_LL_ResetPort
                0x000000000800a24e       0x36 ./USB_HOST/Target/usbh_conf.o
                0x000000000800a24e                USBH_LL_ResetPort
 .text.USBH_LL_GetLastXferSize
                0x000000000800a284       0x26 ./USB_HOST/Target/usbh_conf.o
                0x000000000800a284                USBH_LL_GetLastXferSize
 .text.USBH_LL_OpenPipe
                0x000000000800a2aa       0x5e ./USB_HOST/Target/usbh_conf.o
                0x000000000800a2aa                USBH_LL_OpenPipe
 .text.USBH_LL_ClosePipe
                0x000000000800a308       0x3e ./USB_HOST/Target/usbh_conf.o
                0x000000000800a308                USBH_LL_ClosePipe
 .text.USBH_LL_SubmitURB
                0x000000000800a346       0x62 ./USB_HOST/Target/usbh_conf.o
                0x000000000800a346                USBH_LL_SubmitURB
 .text.USBH_LL_GetURBState
                0x000000000800a3a8       0x26 ./USB_HOST/Target/usbh_conf.o
                0x000000000800a3a8                USBH_LL_GetURBState
 .text.USBH_LL_DriverVBUS
                0x000000000800a3ce       0x2e ./USB_HOST/Target/usbh_conf.o
                0x000000000800a3ce                USBH_LL_DriverVBUS
 .text.USBH_LL_SetToggle
                0x000000000800a3fc       0x60 ./USB_HOST/Target/usbh_conf.o
                0x000000000800a3fc                USBH_LL_SetToggle
 .text.USBH_Delay
                0x000000000800a45c       0x16 ./USB_HOST/Target/usbh_conf.o
                0x000000000800a45c                USBH_Delay
 *fill*         0x000000000800a472        0x2 
 .text.USBH_Get_USB_Status
                0x000000000800a474       0x58 ./USB_HOST/Target/usbh_conf.o
                0x000000000800a474                USBH_Get_USB_Status
 .text.MX_DriverVbusFS
                0x000000000800a4cc       0x38 ./USB_HOST/Target/usbh_platform.o
                0x000000000800a4cc                MX_DriverVbusFS
 .text.__errno  0x000000000800a504        0xc /opt/stm32cubeide/plugins/com.st.stm32cube.ide.mcu.externaltools.gnu-tools-for-stm32.9-2020-q2-update.linux64_2.0.0.202105311346/tools/bin/../lib/gcc/arm-none-eabi/9.3.1/../../../../arm-none-eabi/lib/thumb/v7e-m+fp/hard/libc_nano.a(lib_a-errno.o)
                0x000000000800a504                __errno
 .text.__libc_init_array
                0x000000000800a510       0x48 /opt/stm32cubeide/plugins/com.st.stm32cube.ide.mcu.externaltools.gnu-tools-for-stm32.9-2020-q2-update.linux64_2.0.0.202105311346/tools/bin/../lib/gcc/arm-none-eabi/9.3.1/../../../../arm-none-eabi/lib/thumb/v7e-m+fp/hard/libc_nano.a(lib_a-init.o)
                0x000000000800a510                __libc_init_array
 .text.malloc   0x000000000800a558       0x10 /opt/stm32cubeide/plugins/com.st.stm32cube.ide.mcu.externaltools.gnu-tools-for-stm32.9-2020-q2-update.linux64_2.0.0.202105311346/tools/bin/../lib/gcc/arm-none-eabi/9.3.1/../../../../arm-none-eabi/lib/thumb/v7e-m+fp/hard/libc_nano.a(lib_a-malloc.o)
                0x000000000800a558                malloc
 .text.free     0x000000000800a568       0x10 /opt/stm32cubeide/plugins/com.st.stm32cube.ide.mcu.externaltools.gnu-tools-for-stm32.9-2020-q2-update.linux64_2.0.0.202105311346/tools/bin/../lib/gcc/arm-none-eabi/9.3.1/../../../../arm-none-eabi/lib/thumb/v7e-m+fp/hard/libc_nano.a(lib_a-malloc.o)
                0x000000000800a568                free
 .text.memset   0x000000000800a578       0x10 /opt/stm32cubeide/plugins/com.st.stm32cube.ide.mcu.externaltools.gnu-tools-for-stm32.9-2020-q2-update.linux64_2.0.0.202105311346/tools/bin/../lib/gcc/arm-none-eabi/9.3.1/../../../../arm-none-eabi/lib/thumb/v7e-m+fp/hard/libc_nano.a(lib_a-memset.o)
                0x000000000800a578                memset
 .text._free_r  0x000000000800a588       0xa0 /opt/stm32cubeide/plugins/com.st.stm32cube.ide.mcu.externaltools.gnu-tools-for-stm32.9-2020-q2-update.linux64_2.0.0.202105311346/tools/bin/../lib/gcc/arm-none-eabi/9.3.1/../../../../arm-none-eabi/lib/thumb/v7e-m+fp/hard/libc_nano.a(lib_a-nano-freer.o)
                0x000000000800a588                _free_r
 .text._malloc_r
                0x000000000800a628       0xb4 /opt/stm32cubeide/plugins/com.st.stm32cube.ide.mcu.externaltools.gnu-tools-for-stm32.9-2020-q2-update.linux64_2.0.0.202105311346/tools/bin/../lib/gcc/arm-none-eabi/9.3.1/../../../../arm-none-eabi/lib/thumb/v7e-m+fp/hard/libc_nano.a(lib_a-nano-mallocr.o)
                0x000000000800a628                _malloc_r
 .text._sbrk_r  0x000000000800a6dc       0x20 /opt/stm32cubeide/plugins/com.st.stm32cube.ide.mcu.externaltools.gnu-tools-for-stm32.9-2020-q2-update.linux64_2.0.0.202105311346/tools/bin/../lib/gcc/arm-none-eabi/9.3.1/../../../../arm-none-eabi/lib/thumb/v7e-m+fp/hard/libc_nano.a(lib_a-sbrkr.o)
                0x000000000800a6dc                _sbrk_r
 .text.__malloc_lock
                0x000000000800a6fc        0xc /opt/stm32cubeide/plugins/com.st.stm32cube.ide.mcu.externaltools.gnu-tools-for-stm32.9-2020-q2-update.linux64_2.0.0.202105311346/tools/bin/../lib/gcc/arm-none-eabi/9.3.1/../../../../arm-none-eabi/lib/thumb/v7e-m+fp/hard/libc_nano.a(lib_a-mlock.o)
                0x000000000800a6fc                __malloc_lock
 .text.__malloc_unlock
                0x000000000800a708        0xc /opt/stm32cubeide/plugins/com.st.stm32cube.ide.mcu.externaltools.gnu-tools-for-stm32.9-2020-q2-update.linux64_2.0.0.202105311346/tools/bin/../lib/gcc/arm-none-eabi/9.3.1/../../../../arm-none-eabi/lib/thumb/v7e-m+fp/hard/libc_nano.a(lib_a-mlock.o)
                0x000000000800a708                __malloc_unlock
 .text.__retarget_lock_acquire_recursive
                0x000000000800a714        0x2 /opt/stm32cubeide/plugins/com.st.stm32cube.ide.mcu.externaltools.gnu-tools-for-stm32.9-2020-q2-update.linux64_2.0.0.202105311346/tools/bin/../lib/gcc/arm-none-eabi/9.3.1/../../../../arm-none-eabi/lib/thumb/v7e-m+fp/hard/libc_nano.a(lib_a-lock.o)
                0x000000000800a714                __retarget_lock_acquire_recursive
 .text.__retarget_lock_release_recursive
                0x000000000800a716        0x2 /opt/stm32cubeide/plugins/com.st.stm32cube.ide.mcu.externaltools.gnu-tools-for-stm32.9-2020-q2-update.linux64_2.0.0.202105311346/tools/bin/../lib/gcc/arm-none-eabi/9.3.1/../../../../arm-none-eabi/lib/thumb/v7e-m+fp/hard/libc_nano.a(lib_a-lock.o)
                0x000000000800a716                __retarget_lock_release_recursive
 *(.glue_7)
 .glue_7        0x000000000800a718        0x0 linker stubs
 *(.glue_7t)
 .glue_7t       0x000000000800a718        0x0 linker stubs
 *(.eh_frame)
 .eh_frame      0x000000000800a718        0x0 /opt/stm32cubeide/plugins/com.st.stm32cube.ide.mcu.externaltools.gnu-tools-for-stm32.9-2020-q2-update.linux64_2.0.0.202105311346/tools/bin/../lib/gcc/arm-none-eabi/9.3.1/thumb/v7e-m+fp/hard/crtbegin.o
 *(.init)
 .init          0x000000000800a718        0x4 /opt/stm32cubeide/plugins/com.st.stm32cube.ide.mcu.externaltools.gnu-tools-for-stm32.9-2020-q2-update.linux64_2.0.0.202105311346/tools/bin/../lib/gcc/arm-none-eabi/9.3.1/thumb/v7e-m+fp/hard/crti.o
                0x000000000800a718                _init
 .init          0x000000000800a71c        0x8 /opt/stm32cubeide/plugins/com.st.stm32cube.ide.mcu.externaltools.gnu-tools-for-stm32.9-2020-q2-update.linux64_2.0.0.202105311346/tools/bin/../lib/gcc/arm-none-eabi/9.3.1/thumb/v7e-m+fp/hard/crtn.o
 *(.fini)
 .fini          0x000000000800a724        0x4 /opt/stm32cubeide/plugins/com.st.stm32cube.ide.mcu.externaltools.gnu-tools-for-stm32.9-2020-q2-update.linux64_2.0.0.202105311346/tools/bin/../lib/gcc/arm-none-eabi/9.3.1/thumb/v7e-m+fp/hard/crti.o
                0x000000000800a724                _fini
 .fini          0x000000000800a728        0x8 /opt/stm32cubeide/plugins/com.st.stm32cube.ide.mcu.externaltools.gnu-tools-for-stm32.9-2020-q2-update.linux64_2.0.0.202105311346/tools/bin/../lib/gcc/arm-none-eabi/9.3.1/thumb/v7e-m+fp/hard/crtn.o
                0x000000000800a730                . = ALIGN (0x4)
                0x000000000800a730                _etext = .

.vfp11_veneer   0x000000000800a730        0x0
 .vfp11_veneer  0x000000000800a730        0x0 linker stubs

.v4_bx          0x000000000800a730        0x0
 .v4_bx         0x000000000800a730        0x0 linker stubs

.iplt           0x000000000800a730        0x0
 .iplt          0x000000000800a730        0x0 /opt/stm32cubeide/plugins/com.st.stm32cube.ide.mcu.externaltools.gnu-tools-for-stm32.9-2020-q2-update.linux64_2.0.0.202105311346/tools/bin/../lib/gcc/arm-none-eabi/9.3.1/thumb/v7e-m+fp/hard/crtbegin.o

.rodata         0x000000000800a730      0x228
                0x000000000800a730                . = ALIGN (0x4)
 *(.rodata)
 .rodata        0x000000000800a730       0x3b ./Drivers/STM32F4xx_HAL_Driver/Src/stm32f4xx_hal_cortex.o
 *fill*         0x000000000800a76b        0x1 
 .rodata        0x000000000800a76c       0x38 ./Drivers/STM32F4xx_HAL_Driver/Src/stm32f4xx_hal_dma.o
 .rodata        0x000000000800a7a4       0x39 ./Drivers/STM32F4xx_HAL_Driver/Src/stm32f4xx_hal_gpio.o
 *fill*         0x000000000800a7dd        0x3 
 .rodata        0x000000000800a7e0       0x38 ./Drivers/STM32F4xx_HAL_Driver/Src/stm32f4xx_hal_hcd.o
 .rodata        0x000000000800a818       0x38 ./Drivers/STM32F4xx_HAL_Driver/Src/stm32f4xx_hal_i2c.o
 .rodata        0x000000000800a850       0x38 ./Drivers/STM32F4xx_HAL_Driver/Src/stm32f4xx_hal_rcc.o
 .rodata        0x000000000800a888       0x38 ./Drivers/STM32F4xx_HAL_Driver/Src/stm32f4xx_hal_spi.o
 .rodata        0x000000000800a8c0       0x38 ./Drivers/STM32F4xx_HAL_Driver/Src/stm32f4xx_hal_tim.o
 .rodata        0x000000000800a8f8       0x3b ./Drivers/STM32F4xx_HAL_Driver/Src/stm32f4xx_hal_tim_ex.o
 *fill*         0x000000000800a933        0x1 
 .rodata        0x000000000800a934        0x4 ./Middlewares/ST/STM32_USB_Host_Library/Class/CDC/Src/usbh_cdc.o
 *(.rodata*)
 .rodata.AHBPrescTable
                0x000000000800a938       0x10 ./Core/Src/system_stm32f4xx.o
                0x000000000800a938                AHBPrescTable
 .rodata.APBPrescTable
                0x000000000800a948        0x8 ./Core/Src/system_stm32f4xx.o
                0x000000000800a948                APBPrescTable
 .rodata.flagBitshiftOffset.8674
                0x000000000800a950        0x8 ./Drivers/STM32F4xx_HAL_Driver/Src/stm32f4xx_hal_dma.o
                0x000000000800a958                . = ALIGN (0x4)

.ARM.extab      0x000000000800a958        0x0
                0x000000000800a958                . = ALIGN (0x4)
 *(.ARM.extab* .gnu.linkonce.armextab.*)
                0x000000000800a958                . = ALIGN (0x4)

.ARM            0x000000000800a958        0x8
                0x000000000800a958                . = ALIGN (0x4)
                0x000000000800a958                __exidx_start = .
 *(.ARM.exidx*)
 .ARM.exidx     0x000000000800a958        0x8 /opt/stm32cubeide/plugins/com.st.stm32cube.ide.mcu.externaltools.gnu-tools-for-stm32.9-2020-q2-update.linux64_2.0.0.202105311346/tools/bin/../lib/gcc/arm-none-eabi/9.3.1/thumb/v7e-m+fp/hard/libgcc.a(_udivmoddi4.o)
                0x000000000800a960                __exidx_end = .
                0x000000000800a960                . = ALIGN (0x4)

.rel.dyn        0x000000000800a960        0x0
 .rel.iplt      0x000000000800a960        0x0 /opt/stm32cubeide/plugins/com.st.stm32cube.ide.mcu.externaltools.gnu-tools-for-stm32.9-2020-q2-update.linux64_2.0.0.202105311346/tools/bin/../lib/gcc/arm-none-eabi/9.3.1/thumb/v7e-m+fp/hard/crtbegin.o

.preinit_array  0x000000000800a960        0x0
                0x000000000800a960                . = ALIGN (0x4)
                0x000000000800a960                PROVIDE (__preinit_array_start = .)
 *(.preinit_array*)
                0x000000000800a960                PROVIDE (__preinit_array_end = .)
                0x000000000800a960                . = ALIGN (0x4)

.init_array     0x000000000800a960        0x4
                0x000000000800a960                . = ALIGN (0x4)
                0x000000000800a960                PROVIDE (__init_array_start = .)
 *(SORT_BY_NAME(.init_array.*))
 *(.init_array*)
 .init_array    0x000000000800a960        0x4 /opt/stm32cubeide/plugins/com.st.stm32cube.ide.mcu.externaltools.gnu-tools-for-stm32.9-2020-q2-update.linux64_2.0.0.202105311346/tools/bin/../lib/gcc/arm-none-eabi/9.3.1/thumb/v7e-m+fp/hard/crtbegin.o
                0x000000000800a964                PROVIDE (__init_array_end = .)
                0x000000000800a964                . = ALIGN (0x4)

.fini_array     0x000000000800a964        0x4
                0x000000000800a964                . = ALIGN (0x4)
                [!provide]                        PROVIDE (__fini_array_start = .)
 *(SORT_BY_NAME(.fini_array.*))
 *(.fini_array*)
 .fini_array    0x000000000800a964        0x4 /opt/stm32cubeide/plugins/com.st.stm32cube.ide.mcu.externaltools.gnu-tools-for-stm32.9-2020-q2-update.linux64_2.0.0.202105311346/tools/bin/../lib/gcc/arm-none-eabi/9.3.1/thumb/v7e-m+fp/hard/crtbegin.o
                [!provide]                        PROVIDE (__fini_array_end = .)
                0x000000000800a968                . = ALIGN (0x4)
                0x000000000800a968                _sidata = LOADADDR (.data)

.data           0x0000000020000000       0x90 load address 0x000000000800a968
                0x0000000020000000                . = ALIGN (0x4)
                0x0000000020000000                _sdata = .
 *(.data)
 *(.data*)
 .data.SystemCoreClock
                0x0000000020000000        0x4 ./Core/Src/system_stm32f4xx.o
                0x0000000020000000                SystemCoreClock
 .data.uwTickPrio
                0x0000000020000004        0x4 ./Drivers/STM32F4xx_HAL_Driver/Src/stm32f4xx_hal.o
                0x0000000020000004                uwTickPrio
 .data.uwTickFreq
                0x0000000020000008        0x1 ./Drivers/STM32F4xx_HAL_Driver/Src/stm32f4xx_hal.o
                0x0000000020000008                uwTickFreq
 *fill*         0x0000000020000009        0x3 
 .data.CDC_Class
                0x000000002000000c       0x20 ./Middlewares/ST/STM32_USB_Host_Library/Class/CDC/Src/usbh_cdc.o
                0x000000002000000c                CDC_Class
 .data._impure_ptr
                0x000000002000002c        0x4 /opt/stm32cubeide/plugins/com.st.stm32cube.ide.mcu.externaltools.gnu-tools-for-stm32.9-2020-q2-update.linux64_2.0.0.202105311346/tools/bin/../lib/gcc/arm-none-eabi/9.3.1/../../../../arm-none-eabi/lib/thumb/v7e-m+fp/hard/libc_nano.a(lib_a-impure.o)
                0x000000002000002c                _impure_ptr
 .data.impure_data
                0x0000000020000030       0x60 /opt/stm32cubeide/plugins/com.st.stm32cube.ide.mcu.externaltools.gnu-tools-for-stm32.9-2020-q2-update.linux64_2.0.0.202105311346/tools/bin/../lib/gcc/arm-none-eabi/9.3.1/../../../../arm-none-eabi/lib/thumb/v7e-m+fp/hard/libc_nano.a(lib_a-impure.o)
 *(.RamFunc)
 *(.RamFunc*)
                0x0000000020000090                . = ALIGN (0x4)
                0x0000000020000090                _edata = .

.igot.plt       0x0000000020000090        0x0 load address 0x000000000800a9f8
 .igot.plt      0x0000000020000090        0x0 /opt/stm32cubeide/plugins/com.st.stm32cube.ide.mcu.externaltools.gnu-tools-for-stm32.9-2020-q2-update.linux64_2.0.0.202105311346/tools/bin/../lib/gcc/arm-none-eabi/9.3.1/thumb/v7e-m+fp/hard/crtbegin.o
                0x0000000020000090                . = ALIGN (0x4)

.bss            0x0000000020000090      0xf68 load address 0x000000000800a9f8
                0x0000000020000090                _sbss = .
                0x0000000020000090                __bss_start__ = _sbss
 *(.bss)
 .bss           0x0000000020000090       0x1c /opt/stm32cubeide/plugins/com.st.stm32cube.ide.mcu.externaltools.gnu-tools-for-stm32.9-2020-q2-update.linux64_2.0.0.202105311346/tools/bin/../lib/gcc/arm-none-eabi/9.3.1/thumb/v7e-m+fp/hard/crtbegin.o
 *(.bss*)
 .bss.datasentflag
                0x00000000200000ac        0x4 ./Core/Src/main.o
                0x00000000200000ac                datasentflag
 .bss.__sbrk_heap_end
                0x00000000200000b0        0x4 ./Core/Src/sysmem.o
 .bss.Appli_state
                0x00000000200000b4        0x1 ./USB_HOST/App/usb_host.o
                0x00000000200000b4                Appli_state
 *fill*         0x00000000200000b5        0x3 
 .bss.__malloc_free_list
                0x00000000200000b8        0x4 /opt/stm32cubeide/plugins/com.st.stm32cube.ide.mcu.externaltools.gnu-tools-for-stm32.9-2020-q2-update.linux64_2.0.0.202105311346/tools/bin/../lib/gcc/arm-none-eabi/9.3.1/../../../../arm-none-eabi/lib/thumb/v7e-m+fp/hard/libc_nano.a(lib_a-nano-mallocr.o)
                0x00000000200000b8                __malloc_free_list
 .bss.__malloc_sbrk_start
                0x00000000200000bc        0x4 /opt/stm32cubeide/plugins/com.st.stm32cube.ide.mcu.externaltools.gnu-tools-for-stm32.9-2020-q2-update.linux64_2.0.0.202105311346/tools/bin/../lib/gcc/arm-none-eabi/9.3.1/../../../../arm-none-eabi/lib/thumb/v7e-m+fp/hard/libc_nano.a(lib_a-nano-mallocr.o)
                0x00000000200000bc                __malloc_sbrk_start
 *(COMMON)
 COMMON         0x00000000200000c0       0x54 ./Core/Src/i2c.o
                0x00000000200000c0                hi2c1
 COMMON         0x0000000020000114      0x6f4 ./Core/Src/main.o
                0x0000000020000114                LED_Data
                0x000000002000018c                LED_Mod
                0x0000000020000204                pwmData
 COMMON         0x0000000020000808       0x58 ./Core/Src/spi.o
                0x0000000020000808                hspi1
 COMMON         0x0000000020000860       0xa8 ./Core/Src/tim.o
                0x0000000020000860                hdma_tim1_ch1
                0x00000000200008c0                htim1
 COMMON         0x0000000020000908        0x4 ./Drivers/STM32F4xx_HAL_Driver/Src/stm32f4xx_hal.o
                0x0000000020000908                uwTick
 COMMON         0x000000002000090c      0x3d8 ./USB_HOST/App/usb_host.o
                0x000000002000090c                hUsbHostFS
 COMMON         0x0000000020000ce4      0x304 ./USB_HOST/Target/usbh_conf.o
                0x0000000020000ce4                hhcd_USB_OTG_FS
 COMMON         0x0000000020000fe8        0x4 /opt/stm32cubeide/plugins/com.st.stm32cube.ide.mcu.externaltools.gnu-tools-for-stm32.9-2020-q2-update.linux64_2.0.0.202105311346/tools/bin/../lib/gcc/arm-none-eabi/9.3.1/../../../../arm-none-eabi/lib/thumb/v7e-m+fp/hard/libc_nano.a(lib_a-reent.o)
                0x0000000020000fe8                errno
 COMMON         0x0000000020000fec        0x9 /opt/stm32cubeide/plugins/com.st.stm32cube.ide.mcu.externaltools.gnu-tools-for-stm32.9-2020-q2-update.linux64_2.0.0.202105311346/tools/bin/../lib/gcc/arm-none-eabi/9.3.1/../../../../arm-none-eabi/lib/thumb/v7e-m+fp/hard/libc_nano.a(lib_a-lock.o)
                0x0000000020000fec                __lock___atexit_recursive_mutex
                0x0000000020000fed                __lock___arc4random_mutex
                0x0000000020000fee                __lock___env_recursive_mutex
                0x0000000020000fef                __lock___sinit_recursive_mutex
                0x0000000020000ff0                __lock___malloc_recursive_mutex
                0x0000000020000ff1                __lock___at_quick_exit_mutex
                0x0000000020000ff2                __lock___dd_hash_mutex
                0x0000000020000ff3                __lock___tz_mutex
                0x0000000020000ff4                __lock___sfp_recursive_mutex
                0x0000000020000ff8                . = ALIGN (0x4)
 *fill*         0x0000000020000ff5        0x3 
                0x0000000020000ff8                _ebss = .
                0x0000000020000ff8                __bss_end__ = _ebss

._user_heap_stack
                0x0000000020000ff8      0x600 load address 0x000000000800a9f8
                0x0000000020000ff8                . = ALIGN (0x8)
                [!provide]                        PROVIDE (end = .)
                0x0000000020000ff8                PROVIDE (_end = .)
                0x00000000200011f8                . = (. + _Min_Heap_Size)
 *fill*         0x0000000020000ff8      0x200 
                0x00000000200015f8                . = (. + _Min_Stack_Size)
 *fill*         0x00000000200011f8      0x400 
                0x00000000200015f8                . = ALIGN (0x8)

/DISCARD/
 libc.a(*)
 libm.a(*)
 libgcc.a(*)

.ARM.attributes
                0x0000000000000000       0x30
 *(.ARM.attributes)
 .ARM.attributes
                0x0000000000000000       0x1e /opt/stm32cubeide/plugins/com.st.stm32cube.ide.mcu.externaltools.gnu-tools-for-stm32.9-2020-q2-update.linux64_2.0.0.202105311346/tools/bin/../lib/gcc/arm-none-eabi/9.3.1/thumb/v7e-m+fp/hard/crti.o
 .ARM.attributes
                0x000000000000001e       0x34 /opt/stm32cubeide/plugins/com.st.stm32cube.ide.mcu.externaltools.gnu-tools-for-stm32.9-2020-q2-update.linux64_2.0.0.202105311346/tools/bin/../lib/gcc/arm-none-eabi/9.3.1/thumb/v7e-m+fp/hard/crtbegin.o
 .ARM.attributes
                0x0000000000000052       0x34 ./Core/Src/dma.o
 .ARM.attributes
                0x0000000000000086       0x34 ./Core/Src/gpio.o
 .ARM.attributes
                0x00000000000000ba       0x34 ./Core/Src/i2c.o
 .ARM.attributes
                0x00000000000000ee       0x34 ./Core/Src/main.o
 .ARM.attributes
                0x0000000000000122       0x34 ./Core/Src/spi.o
 .ARM.attributes
                0x0000000000000156       0x34 ./Core/Src/stm32f4xx_hal_msp.o
 .ARM.attributes
                0x000000000000018a       0x34 ./Core/Src/stm32f4xx_it.o
 .ARM.attributes
                0x00000000000001be       0x34 ./Core/Src/sysmem.o
 .ARM.attributes
                0x00000000000001f2       0x34 ./Core/Src/system_stm32f4xx.o
 .ARM.attributes
                0x0000000000000226       0x34 ./Core/Src/tim.o
 .ARM.attributes
                0x000000000000025a       0x21 ./Core/Startup/startup_stm32f411vetx.o
 .ARM.attributes
                0x000000000000027b       0x34 ./Drivers/STM32F4xx_HAL_Driver/Src/stm32f4xx_hal.o
 .ARM.attributes
                0x00000000000002af       0x34 ./Drivers/STM32F4xx_HAL_Driver/Src/stm32f4xx_hal_cortex.o
 .ARM.attributes
                0x00000000000002e3       0x34 ./Drivers/STM32F4xx_HAL_Driver/Src/stm32f4xx_hal_dma.o
 .ARM.attributes
                0x0000000000000317       0x34 ./Drivers/STM32F4xx_HAL_Driver/Src/stm32f4xx_hal_gpio.o
 .ARM.attributes
                0x000000000000034b       0x34 ./Drivers/STM32F4xx_HAL_Driver/Src/stm32f4xx_hal_hcd.o
 .ARM.attributes
                0x000000000000037f       0x34 ./Drivers/STM32F4xx_HAL_Driver/Src/stm32f4xx_hal_i2c.o
 .ARM.attributes
                0x00000000000003b3       0x34 ./Drivers/STM32F4xx_HAL_Driver/Src/stm32f4xx_hal_rcc.o
 .ARM.attributes
                0x00000000000003e7       0x34 ./Drivers/STM32F4xx_HAL_Driver/Src/stm32f4xx_hal_spi.o
 .ARM.attributes
                0x000000000000041b       0x34 ./Drivers/STM32F4xx_HAL_Driver/Src/stm32f4xx_hal_tim.o
 .ARM.attributes
                0x000000000000044f       0x34 ./Drivers/STM32F4xx_HAL_Driver/Src/stm32f4xx_hal_tim_ex.o
 .ARM.attributes
                0x0000000000000483       0x34 ./Drivers/STM32F4xx_HAL_Driver/Src/stm32f4xx_ll_usb.o
 .ARM.attributes
                0x00000000000004b7       0x34 ./Middlewares/ST/STM32_USB_Host_Library/Class/CDC/Src/usbh_cdc.o
 .ARM.attributes
                0x00000000000004eb       0x34 ./Middlewares/ST/STM32_USB_Host_Library/Core/Src/usbh_core.o
 .ARM.attributes
                0x000000000000051f       0x34 ./Middlewares/ST/STM32_USB_Host_Library/Core/Src/usbh_ctlreq.o
 .ARM.attributes
                0x0000000000000553       0x34 ./Middlewares/ST/STM32_USB_Host_Library/Core/Src/usbh_ioreq.o
 .ARM.attributes
                0x0000000000000587       0x34 ./Middlewares/ST/STM32_USB_Host_Library/Core/Src/usbh_pipes.o
 .ARM.attributes
                0x00000000000005bb       0x34 ./USB_HOST/App/usb_host.o
 .ARM.attributes
                0x00000000000005ef       0x34 ./USB_HOST/Target/usbh_conf.o
 .ARM.attributes
                0x0000000000000623       0x34 ./USB_HOST/Target/usbh_platform.o
 .ARM.attributes
                0x0000000000000657       0x34 /opt/stm32cubeide/plugins/com.st.stm32cube.ide.mcu.externaltools.gnu-tools-for-stm32.9-2020-q2-update.linux64_2.0.0.202105311346/tools/bin/../lib/gcc/arm-none-eabi/9.3.1/../../../../arm-none-eabi/lib/thumb/v7e-m+fp/hard/libc_nano.a(lib_a-errno.o)
 .ARM.attributes
                0x000000000000068b       0x32 /opt/stm32cubeide/plugins/com.st.stm32cube.ide.mcu.externaltools.gnu-tools-for-stm32.9-2020-q2-update.linux64_2.0.0.202105311346/tools/bin/../lib/gcc/arm-none-eabi/9.3.1/../../../../arm-none-eabi/lib/thumb/v7e-m+fp/hard/libc_nano.a(lib_a-impure.o)
 .ARM.attributes
                0x00000000000006bd       0x34 /opt/stm32cubeide/plugins/com.st.stm32cube.ide.mcu.externaltools.gnu-tools-for-stm32.9-2020-q2-update.linux64_2.0.0.202105311346/tools/bin/../lib/gcc/arm-none-eabi/9.3.1/../../../../arm-none-eabi/lib/thumb/v7e-m+fp/hard/libc_nano.a(lib_a-init.o)
 .ARM.attributes
                0x00000000000006f1       0x34 /opt/stm32cubeide/plugins/com.st.stm32cube.ide.mcu.externaltools.gnu-tools-for-stm32.9-2020-q2-update.linux64_2.0.0.202105311346/tools/bin/../lib/gcc/arm-none-eabi/9.3.1/../../../../arm-none-eabi/lib/thumb/v7e-m+fp/hard/libc_nano.a(lib_a-malloc.o)
 .ARM.attributes
                0x0000000000000725       0x34 /opt/stm32cubeide/plugins/com.st.stm32cube.ide.mcu.externaltools.gnu-tools-for-stm32.9-2020-q2-update.linux64_2.0.0.202105311346/tools/bin/../lib/gcc/arm-none-eabi/9.3.1/../../../../arm-none-eabi/lib/thumb/v7e-m+fp/hard/libc_nano.a(lib_a-memset.o)
 .ARM.attributes
                0x0000000000000759       0x34 /opt/stm32cubeide/plugins/com.st.stm32cube.ide.mcu.externaltools.gnu-tools-for-stm32.9-2020-q2-update.linux64_2.0.0.202105311346/tools/bin/../lib/gcc/arm-none-eabi/9.3.1/../../../../arm-none-eabi/lib/thumb/v7e-m+fp/hard/libc_nano.a(lib_a-nano-freer.o)
 .ARM.attributes
                0x000000000000078d       0x34 /opt/stm32cubeide/plugins/com.st.stm32cube.ide.mcu.externaltools.gnu-tools-for-stm32.9-2020-q2-update.linux64_2.0.0.202105311346/tools/bin/../lib/gcc/arm-none-eabi/9.3.1/../../../../arm-none-eabi/lib/thumb/v7e-m+fp/hard/libc_nano.a(lib_a-nano-mallocr.o)
 .ARM.attributes
                0x00000000000007c1       0x34 /opt/stm32cubeide/plugins/com.st.stm32cube.ide.mcu.externaltools.gnu-tools-for-stm32.9-2020-q2-update.linux64_2.0.0.202105311346/tools/bin/../lib/gcc/arm-none-eabi/9.3.1/../../../../arm-none-eabi/lib/thumb/v7e-m+fp/hard/libc_nano.a(lib_a-sbrkr.o)
 .ARM.attributes
                0x00000000000007f5       0x34 /opt/stm32cubeide/plugins/com.st.stm32cube.ide.mcu.externaltools.gnu-tools-for-stm32.9-2020-q2-update.linux64_2.0.0.202105311346/tools/bin/../lib/gcc/arm-none-eabi/9.3.1/../../../../arm-none-eabi/lib/thumb/v7e-m+fp/hard/libc_nano.a(lib_a-mlock.o)
 .ARM.attributes
                0x0000000000000829       0x34 /opt/stm32cubeide/plugins/com.st.stm32cube.ide.mcu.externaltools.gnu-tools-for-stm32.9-2020-q2-update.linux64_2.0.0.202105311346/tools/bin/../lib/gcc/arm-none-eabi/9.3.1/../../../../arm-none-eabi/lib/thumb/v7e-m+fp/hard/libc_nano.a(lib_a-reent.o)
 .ARM.attributes
                0x000000000000085d       0x34 /opt/stm32cubeide/plugins/com.st.stm32cube.ide.mcu.externaltools.gnu-tools-for-stm32.9-2020-q2-update.linux64_2.0.0.202105311346/tools/bin/../lib/gcc/arm-none-eabi/9.3.1/../../../../arm-none-eabi/lib/thumb/v7e-m+fp/hard/libc_nano.a(lib_a-lock.o)
 .ARM.attributes
                0x0000000000000891       0x1e /opt/stm32cubeide/plugins/com.st.stm32cube.ide.mcu.externaltools.gnu-tools-for-stm32.9-2020-q2-update.linux64_2.0.0.202105311346/tools/bin/../lib/gcc/arm-none-eabi/9.3.1/thumb/v7e-m+fp/hard/libgcc.a(_aeabi_uldivmod.o)
 .ARM.attributes
                0x00000000000008af       0x34 /opt/stm32cubeide/plugins/com.st.stm32cube.ide.mcu.externaltools.gnu-tools-for-stm32.9-2020-q2-update.linux64_2.0.0.202105311346/tools/bin/../lib/gcc/arm-none-eabi/9.3.1/thumb/v7e-m+fp/hard/libgcc.a(_udivmoddi4.o)
 .ARM.attributes
                0x00000000000008e3       0x1e /opt/stm32cubeide/plugins/com.st.stm32cube.ide.mcu.externaltools.gnu-tools-for-stm32.9-2020-q2-update.linux64_2.0.0.202105311346/tools/bin/../lib/gcc/arm-none-eabi/9.3.1/thumb/v7e-m+fp/hard/libgcc.a(_dvmd_tls.o)
 .ARM.attributes
                0x0000000000000901       0x1e /opt/stm32cubeide/plugins/com.st.stm32cube.ide.mcu.externaltools.gnu-tools-for-stm32.9-2020-q2-update.linux64_2.0.0.202105311346/tools/bin/../lib/gcc/arm-none-eabi/9.3.1/thumb/v7e-m+fp/hard/crtn.o
OUTPUT(project_version2.elf elf32-littlearm)
LOAD linker stubs
LOAD /opt/stm32cubeide/plugins/com.st.stm32cube.ide.mcu.externaltools.gnu-tools-for-stm32.9-2020-q2-update.linux64_2.0.0.202105311346/tools/bin/../lib/gcc/arm-none-eabi/9.3.1/../../../../arm-none-eabi/lib/thumb/v7e-m+fp/hard/libc.a
LOAD /opt/stm32cubeide/plugins/com.st.stm32cube.ide.mcu.externaltools.gnu-tools-for-stm32.9-2020-q2-update.linux64_2.0.0.202105311346/tools/bin/../lib/gcc/arm-none-eabi/9.3.1/../../../../arm-none-eabi/lib/thumb/v7e-m+fp/hard/libm.a
LOAD /opt/stm32cubeide/plugins/com.st.stm32cube.ide.mcu.externaltools.gnu-tools-for-stm32.9-2020-q2-update.linux64_2.0.0.202105311346/tools/bin/../lib/gcc/arm-none-eabi/9.3.1/thumb/v7e-m+fp/hard/libgcc.a

.debug_info     0x0000000000000000    0x1f694
 .debug_info    0x0000000000000000      0x538 ./Core/Src/dma.o
 .debug_info    0x0000000000000538      0x578 ./Core/Src/gpio.o
 .debug_info    0x0000000000000ab0      0xaaf ./Core/Src/i2c.o
 .debug_info    0x000000000000155f     0x1cc4 ./Core/Src/main.o
 .debug_info    0x0000000000003223      0xa7e ./Core/Src/spi.o
 .debug_info    0x0000000000003ca1      0x3c0 ./Core/Src/stm32f4xx_hal_msp.o
 .debug_info    0x0000000000004061      0x98d ./Core/Src/stm32f4xx_it.o
 .debug_info    0x00000000000049ee      0xa25 ./Core/Src/sysmem.o
 .debug_info    0x0000000000005413      0x5d0 ./Core/Src/system_stm32f4xx.o
 .debug_info    0x00000000000059e3      0xd19 ./Core/Src/tim.o
 .debug_info    0x00000000000066fc       0x22 ./Core/Startup/startup_stm32f411vetx.o
 .debug_info    0x000000000000671e      0x944 ./Drivers/STM32F4xx_HAL_Driver/Src/stm32f4xx_hal.o
 .debug_info    0x0000000000007062      0xe5f ./Drivers/STM32F4xx_HAL_Driver/Src/stm32f4xx_hal_cortex.o
 .debug_info    0x0000000000007ec1      0x9e9 ./Drivers/STM32F4xx_HAL_Driver/Src/stm32f4xx_hal_dma.o
 .debug_info    0x00000000000088aa      0x862 ./Drivers/STM32F4xx_HAL_Driver/Src/stm32f4xx_hal_gpio.o
 .debug_info    0x000000000000910c      0xf67 ./Drivers/STM32F4xx_HAL_Driver/Src/stm32f4xx_hal_hcd.o
 .debug_info    0x000000000000a073     0x2653 ./Drivers/STM32F4xx_HAL_Driver/Src/stm32f4xx_hal_i2c.o
 .debug_info    0x000000000000c6c6      0x9be ./Drivers/STM32F4xx_HAL_Driver/Src/stm32f4xx_hal_rcc.o
 .debug_info    0x000000000000d084     0x17b8 ./Drivers/STM32F4xx_HAL_Driver/Src/stm32f4xx_hal_spi.o
 .debug_info    0x000000000000e83c     0x2c1a ./Drivers/STM32F4xx_HAL_Driver/Src/stm32f4xx_hal_tim.o
 .debug_info    0x0000000000011456     0x159a ./Drivers/STM32F4xx_HAL_Driver/Src/stm32f4xx_hal_tim_ex.o
 .debug_info    0x00000000000129f0     0x1ab4 ./Drivers/STM32F4xx_HAL_Driver/Src/stm32f4xx_ll_usb.o
 .debug_info    0x00000000000144a4     0x1c86 ./Middlewares/ST/STM32_USB_Host_Library/Class/CDC/Src/usbh_cdc.o
 .debug_info    0x000000000001612a     0x1815 ./Middlewares/ST/STM32_USB_Host_Library/Core/Src/usbh_core.o
 .debug_info    0x000000000001793f     0x18e6 ./Middlewares/ST/STM32_USB_Host_Library/Core/Src/usbh_ctlreq.o
 .debug_info    0x0000000000019225     0x162f ./Middlewares/ST/STM32_USB_Host_Library/Core/Src/usbh_ioreq.o
 .debug_info    0x000000000001a854     0x1457 ./Middlewares/ST/STM32_USB_Host_Library/Core/Src/usbh_pipes.o
 .debug_info    0x000000000001bcab     0x13a0 ./USB_HOST/App/usb_host.o
 .debug_info    0x000000000001d04b     0x23ae ./USB_HOST/Target/usbh_conf.o
 .debug_info    0x000000000001f3f9      0x29b ./USB_HOST/Target/usbh_platform.o

.debug_abbrev   0x0000000000000000     0x431f
 .debug_abbrev  0x0000000000000000      0x11b ./Core/Src/dma.o
 .debug_abbrev  0x000000000000011b      0x14e ./Core/Src/gpio.o
 .debug_abbrev  0x0000000000000269      0x1bb ./Core/Src/i2c.o
 .debug_abbrev  0x0000000000000424      0x334 ./Core/Src/main.o
 .debug_abbrev  0x0000000000000758      0x1bb ./Core/Src/spi.o
 .debug_abbrev  0x0000000000000913      0x11d ./Core/Src/stm32f4xx_hal_msp.o
 .debug_abbrev  0x0000000000000a30      0x1a5 ./Core/Src/stm32f4xx_it.o
 .debug_abbrev  0x0000000000000bd5      0x1bf ./Core/Src/sysmem.o
 .debug_abbrev  0x0000000000000d94      0x145 ./Core/Src/system_stm32f4xx.o
 .debug_abbrev  0x0000000000000ed9      0x1d6 ./Core/Src/tim.o
 .debug_abbrev  0x00000000000010af       0x12 ./Core/Startup/startup_stm32f411vetx.o
 .debug_abbrev  0x00000000000010c1      0x21e ./Drivers/STM32F4xx_HAL_Driver/Src/stm32f4xx_hal.o
 .debug_abbrev  0x00000000000012df      0x33c ./Drivers/STM32F4xx_HAL_Driver/Src/stm32f4xx_hal_cortex.o
 .debug_abbrev  0x000000000000161b      0x219 ./Drivers/STM32F4xx_HAL_Driver/Src/stm32f4xx_hal_dma.o
 .debug_abbrev  0x0000000000001834      0x1f1 ./Drivers/STM32F4xx_HAL_Driver/Src/stm32f4xx_hal_gpio.o
 .debug_abbrev  0x0000000000001a25      0x28d ./Drivers/STM32F4xx_HAL_Driver/Src/stm32f4xx_hal_hcd.o
 .debug_abbrev  0x0000000000001cb2      0x293 ./Drivers/STM32F4xx_HAL_Driver/Src/stm32f4xx_hal_i2c.o
 .debug_abbrev  0x0000000000001f45      0x275 ./Drivers/STM32F4xx_HAL_Driver/Src/stm32f4xx_hal_rcc.o
 .debug_abbrev  0x00000000000021ba      0x26e ./Drivers/STM32F4xx_HAL_Driver/Src/stm32f4xx_hal_spi.o
 .debug_abbrev  0x0000000000002428      0x26f ./Drivers/STM32F4xx_HAL_Driver/Src/stm32f4xx_hal_tim.o
 .debug_abbrev  0x0000000000002697      0x277 ./Drivers/STM32F4xx_HAL_Driver/Src/stm32f4xx_hal_tim_ex.o
 .debug_abbrev  0x000000000000290e      0x2a7 ./Drivers/STM32F4xx_HAL_Driver/Src/stm32f4xx_ll_usb.o
 .debug_abbrev  0x0000000000002bb5      0x352 ./Middlewares/ST/STM32_USB_Host_Library/Class/CDC/Src/usbh_cdc.o
 .debug_abbrev  0x0000000000002f07      0x3b4 ./Middlewares/ST/STM32_USB_Host_Library/Core/Src/usbh_core.o
 .debug_abbrev  0x00000000000032bb      0x367 ./Middlewares/ST/STM32_USB_Host_Library/Core/Src/usbh_ctlreq.o
 .debug_abbrev  0x0000000000003622      0x2b5 ./Middlewares/ST/STM32_USB_Host_Library/Core/Src/usbh_ioreq.o
 .debug_abbrev  0x00000000000038d7      0x2f3 ./Middlewares/ST/STM32_USB_Host_Library/Core/Src/usbh_pipes.o
 .debug_abbrev  0x0000000000003bca      0x2a4 ./USB_HOST/App/usb_host.o
 .debug_abbrev  0x0000000000003e6e      0x397 ./USB_HOST/Target/usbh_conf.o
 .debug_abbrev  0x0000000000004205      0x11a ./USB_HOST/Target/usbh_platform.o

.debug_aranges  0x0000000000000000     0x15b0
 .debug_aranges
                0x0000000000000000       0x20 ./Core/Src/dma.o
 .debug_aranges
                0x0000000000000020       0x20 ./Core/Src/gpio.o
 .debug_aranges
                0x0000000000000040       0x30 ./Core/Src/i2c.o
 .debug_aranges
                0x0000000000000070       0x58 ./Core/Src/main.o
 .debug_aranges
                0x00000000000000c8       0x30 ./Core/Src/spi.o
 .debug_aranges
                0x00000000000000f8       0x20 ./Core/Src/stm32f4xx_hal_msp.o
 .debug_aranges
                0x0000000000000118       0x70 ./Core/Src/stm32f4xx_it.o
 .debug_aranges
                0x0000000000000188       0x20 ./Core/Src/sysmem.o
 .debug_aranges
                0x00000000000001a8       0x28 ./Core/Src/system_stm32f4xx.o
 .debug_aranges
                0x00000000000001d0       0x38 ./Core/Src/tim.o
 .debug_aranges
                0x0000000000000208       0x28 ./Core/Startup/startup_stm32f411vetx.o
 .debug_aranges
                0x0000000000000230       0xf0 ./Drivers/STM32F4xx_HAL_Driver/Src/stm32f4xx_hal.o
 .debug_aranges
                0x0000000000000320      0x118 ./Drivers/STM32F4xx_HAL_Driver/Src/stm32f4xx_hal_cortex.o
 .debug_aranges
                0x0000000000000438       0x90 ./Drivers/STM32F4xx_HAL_Driver/Src/stm32f4xx_hal_dma.o
 .debug_aranges
                0x00000000000004c8       0x58 ./Drivers/STM32F4xx_HAL_Driver/Src/stm32f4xx_hal_gpio.o
 .debug_aranges
                0x0000000000000520       0xf8 ./Drivers/STM32F4xx_HAL_Driver/Src/stm32f4xx_hal_hcd.o
 .debug_aranges
                0x0000000000000618      0x2a0 ./Drivers/STM32F4xx_HAL_Driver/Src/stm32f4xx_hal_i2c.o
 .debug_aranges
                0x00000000000008b8       0x88 ./Drivers/STM32F4xx_HAL_Driver/Src/stm32f4xx_hal_rcc.o
 .debug_aranges
                0x0000000000000940      0x1d0 ./Drivers/STM32F4xx_HAL_Driver/Src/stm32f4xx_hal_spi.o
 .debug_aranges
                0x0000000000000b10      0x3d0 ./Drivers/STM32F4xx_HAL_Driver/Src/stm32f4xx_hal_tim.o
 .debug_aranges
                0x0000000000000ee0      0x168 ./Drivers/STM32F4xx_HAL_Driver/Src/stm32f4xx_hal_tim_ex.o
 .debug_aranges
                0x0000000000001048      0x198 ./Drivers/STM32F4xx_HAL_Driver/Src/stm32f4xx_ll_usb.o
 .debug_aranges
                0x00000000000011e0       0xa8 ./Middlewares/ST/STM32_USB_Host_Library/Class/CDC/Src/usbh_cdc.o
 .debug_aranges
                0x0000000000001288       0xc0 ./Middlewares/ST/STM32_USB_Host_Library/Core/Src/usbh_core.o
 .debug_aranges
                0x0000000000001348       0xa0 ./Middlewares/ST/STM32_USB_Host_Library/Core/Src/usbh_ctlreq.o
 .debug_aranges
                0x00000000000013e8       0x60 ./Middlewares/ST/STM32_USB_Host_Library/Core/Src/usbh_ioreq.o
 .debug_aranges
                0x0000000000001448       0x40 ./Middlewares/ST/STM32_USB_Host_Library/Core/Src/usbh_pipes.o
 .debug_aranges
                0x0000000000001488       0x30 ./USB_HOST/App/usb_host.o
 .debug_aranges
                0x00000000000014b8       0xd8 ./USB_HOST/Target/usbh_conf.o
 .debug_aranges
                0x0000000000001590       0x20 ./USB_HOST/Target/usbh_platform.o

.debug_ranges   0x0000000000000000     0x1400
 .debug_ranges  0x0000000000000000       0x10 ./Core/Src/dma.o
 .debug_ranges  0x0000000000000010       0x10 ./Core/Src/gpio.o
 .debug_ranges  0x0000000000000020       0x20 ./Core/Src/i2c.o
 .debug_ranges  0x0000000000000040       0x48 ./Core/Src/main.o
 .debug_ranges  0x0000000000000088       0x20 ./Core/Src/spi.o
 .debug_ranges  0x00000000000000a8       0x10 ./Core/Src/stm32f4xx_hal_msp.o
 .debug_ranges  0x00000000000000b8       0x60 ./Core/Src/stm32f4xx_it.o
 .debug_ranges  0x0000000000000118       0x10 ./Core/Src/sysmem.o
 .debug_ranges  0x0000000000000128       0x18 ./Core/Src/system_stm32f4xx.o
 .debug_ranges  0x0000000000000140       0x28 ./Core/Src/tim.o
 .debug_ranges  0x0000000000000168       0x20 ./Core/Startup/startup_stm32f411vetx.o
 .debug_ranges  0x0000000000000188       0xe0 ./Drivers/STM32F4xx_HAL_Driver/Src/stm32f4xx_hal.o
 .debug_ranges  0x0000000000000268      0x108 ./Drivers/STM32F4xx_HAL_Driver/Src/stm32f4xx_hal_cortex.o
 .debug_ranges  0x0000000000000370       0x80 ./Drivers/STM32F4xx_HAL_Driver/Src/stm32f4xx_hal_dma.o
 .debug_ranges  0x00000000000003f0       0x48 ./Drivers/STM32F4xx_HAL_Driver/Src/stm32f4xx_hal_gpio.o
 .debug_ranges  0x0000000000000438       0xe8 ./Drivers/STM32F4xx_HAL_Driver/Src/stm32f4xx_hal_hcd.o
 .debug_ranges  0x0000000000000520      0x2b8 ./Drivers/STM32F4xx_HAL_Driver/Src/stm32f4xx_hal_i2c.o
 .debug_ranges  0x00000000000007d8       0x78 ./Drivers/STM32F4xx_HAL_Driver/Src/stm32f4xx_hal_rcc.o
 .debug_ranges  0x0000000000000850      0x1c0 ./Drivers/STM32F4xx_HAL_Driver/Src/stm32f4xx_hal_spi.o
 .debug_ranges  0x0000000000000a10      0x3c0 ./Drivers/STM32F4xx_HAL_Driver/Src/stm32f4xx_hal_tim.o
 .debug_ranges  0x0000000000000dd0      0x158 ./Drivers/STM32F4xx_HAL_Driver/Src/stm32f4xx_hal_tim_ex.o
 .debug_ranges  0x0000000000000f28      0x188 ./Drivers/STM32F4xx_HAL_Driver/Src/stm32f4xx_ll_usb.o
 .debug_ranges  0x00000000000010b0       0x98 ./Middlewares/ST/STM32_USB_Host_Library/Class/CDC/Src/usbh_cdc.o
 .debug_ranges  0x0000000000001148       0xb0 ./Middlewares/ST/STM32_USB_Host_Library/Core/Src/usbh_core.o
 .debug_ranges  0x00000000000011f8       0x90 ./Middlewares/ST/STM32_USB_Host_Library/Core/Src/usbh_ctlreq.o
 .debug_ranges  0x0000000000001288       0x50 ./Middlewares/ST/STM32_USB_Host_Library/Core/Src/usbh_ioreq.o
 .debug_ranges  0x00000000000012d8       0x30 ./Middlewares/ST/STM32_USB_Host_Library/Core/Src/usbh_pipes.o
 .debug_ranges  0x0000000000001308       0x20 ./USB_HOST/App/usb_host.o
 .debug_ranges  0x0000000000001328       0xc8 ./USB_HOST/Target/usbh_conf.o
 .debug_ranges  0x00000000000013f0       0x10 ./USB_HOST/Target/usbh_platform.o

.debug_macro    0x0000000000000000    0x1a71f
 .debug_macro   0x0000000000000000      0x219 ./Core/Src/dma.o
 .debug_macro   0x0000000000000219      0xaa8 ./Core/Src/dma.o
 .debug_macro   0x0000000000000cc1      0x2ae ./Core/Src/dma.o
 .debug_macro   0x0000000000000f6f       0x2e ./Core/Src/dma.o
 .debug_macro   0x0000000000000f9d       0x28 ./Core/Src/dma.o
 .debug_macro   0x0000000000000fc5       0x22 ./Core/Src/dma.o
 .debug_macro   0x0000000000000fe7       0x8e ./Core/Src/dma.o
 .debug_macro   0x0000000000001075       0x51 ./Core/Src/dma.o
 .debug_macro   0x00000000000010c6      0x103 ./Core/Src/dma.o
 .debug_macro   0x00000000000011c9       0x6a ./Core/Src/dma.o
 .debug_macro   0x0000000000001233      0x1df ./Core/Src/dma.o
 .debug_macro   0x0000000000001412       0x1c ./Core/Src/dma.o
 .debug_macro   0x000000000000142e       0x22 ./Core/Src/dma.o
 .debug_macro   0x0000000000001450       0xdf ./Core/Src/dma.o
 .debug_macro   0x000000000000152f     0x102d ./Core/Src/dma.o
 .debug_macro   0x000000000000255c      0x11f ./Core/Src/dma.o
 .debug_macro   0x000000000000267b     0xb953 ./Core/Src/dma.o
 .debug_macro   0x000000000000dfce       0x6d ./Core/Src/dma.o
 .debug_macro   0x000000000000e03b     0x3666 ./Core/Src/dma.o
 .debug_macro   0x00000000000116a1      0x174 ./Core/Src/dma.o
 .debug_macro   0x0000000000011815       0x5c ./Core/Src/dma.o
 .debug_macro   0x0000000000011871      0x447 ./Core/Src/dma.o
 .debug_macro   0x0000000000011cb8      0x9fe ./Core/Src/dma.o
 .debug_macro   0x00000000000126b6      0x116 ./Core/Src/dma.o
 .debug_macro   0x00000000000127cc      0x11b ./Core/Src/dma.o
 .debug_macro   0x00000000000128e7       0xa5 ./Core/Src/dma.o
 .debug_macro   0x000000000001298c      0x15f ./Core/Src/dma.o
 .debug_macro   0x0000000000012aeb      0x287 ./Core/Src/dma.o
 .debug_macro   0x0000000000012d72       0x5f ./Core/Src/dma.o
 .debug_macro   0x0000000000012dd1      0x236 ./Core/Src/dma.o
 .debug_macro   0x0000000000013007      0x132 ./Core/Src/dma.o
 .debug_macro   0x0000000000013139      0x264 ./Core/Src/dma.o
 .debug_macro   0x000000000001339d       0x2e ./Core/Src/dma.o
 .debug_macro   0x00000000000133cb      0x1b5 ./Core/Src/dma.o
 .debug_macro   0x0000000000013580       0x22 ./Core/Src/dma.o
 .debug_macro   0x00000000000135a2       0xd6 ./Core/Src/dma.o
 .debug_macro   0x0000000000013678      0x11a ./Core/Src/dma.o
 .debug_macro   0x0000000000013792       0x85 ./Core/Src/dma.o
 .debug_macro   0x0000000000013817       0x89 ./Core/Src/dma.o
 .debug_macro   0x00000000000138a0      0x225 ./Core/Src/dma.o
 .debug_macro   0x0000000000013ac5      0x8d1 ./Core/Src/dma.o
 .debug_macro   0x0000000000014396       0x47 ./Core/Src/dma.o
 .debug_macro   0x00000000000143dd      0x21e ./Core/Src/dma.o
 .debug_macro   0x00000000000145fb       0x7c ./Core/Src/dma.o
 .debug_macro   0x0000000000014677      0x126 ./Core/Src/dma.o
 .debug_macro   0x000000000001479d      0x19d ./Core/Src/dma.o
 .debug_macro   0x000000000001493a      0x219 ./Core/Src/gpio.o
 .debug_macro   0x0000000000014b53      0x219 ./Core/Src/i2c.o
 .debug_macro   0x0000000000014d6c      0x30c ./Core/Src/main.o
 .debug_macro   0x0000000000015078       0x52 ./Core/Src/main.o
 .debug_macro   0x00000000000150ca       0x18 ./Core/Src/main.o
 .debug_macro   0x00000000000150e2       0x3c ./Core/Src/main.o
 .debug_macro   0x000000000001511e       0x34 ./Core/Src/main.o
 .debug_macro   0x0000000000015152       0x16 ./Core/Src/main.o
 .debug_macro   0x0000000000015168       0x43 ./Core/Src/main.o
 .debug_macro   0x00000000000151ab       0x34 ./Core/Src/main.o
 .debug_macro   0x00000000000151df       0x10 ./Core/Src/main.o
 .debug_macro   0x00000000000151ef       0x58 ./Core/Src/main.o
 .debug_macro   0x0000000000015247       0x71 ./Core/Src/main.o
 .debug_macro   0x00000000000152b8       0x1c ./Core/Src/main.o
 .debug_macro   0x00000000000152d4      0x12a ./Core/Src/main.o
 .debug_macro   0x00000000000153fe      0x333 ./Core/Src/main.o
 .debug_macro   0x0000000000015731      0x1a9 ./Core/Src/main.o
 .debug_macro   0x00000000000158da      0x219 ./Core/Src/spi.o
 .debug_macro   0x0000000000015af3      0x20f ./Core/Src/stm32f4xx_hal_msp.o
 .debug_macro   0x0000000000015d02      0x219 ./Core/Src/stm32f4xx_it.o
 .debug_macro   0x0000000000015f1b       0xff ./Core/Src/sysmem.o
 .debug_macro   0x000000000001601a      0x23b ./Core/Src/sysmem.o
 .debug_macro   0x0000000000016255      0x200 ./Core/Src/system_stm32f4xx.o
 .debug_macro   0x0000000000016455      0x219 ./Core/Src/tim.o
 .debug_macro   0x000000000001666e      0x260 ./Drivers/STM32F4xx_HAL_Driver/Src/stm32f4xx_hal.o
 .debug_macro   0x00000000000168ce      0x200 ./Drivers/STM32F4xx_HAL_Driver/Src/stm32f4xx_hal_cortex.o
 .debug_macro   0x0000000000016ace      0x206 ./Drivers/STM32F4xx_HAL_Driver/Src/stm32f4xx_hal_dma.o
 .debug_macro   0x0000000000016cd4      0x206 ./Drivers/STM32F4xx_HAL_Driver/Src/stm32f4xx_hal_gpio.o
 .debug_macro   0x0000000000016eda      0x200 ./Drivers/STM32F4xx_HAL_Driver/Src/stm32f4xx_hal_hcd.o
 .debug_macro   0x00000000000170da      0x247 ./Drivers/STM32F4xx_HAL_Driver/Src/stm32f4xx_hal_i2c.o
 .debug_macro   0x0000000000017321      0x224 ./Drivers/STM32F4xx_HAL_Driver/Src/stm32f4xx_hal_rcc.o
 .debug_macro   0x0000000000017545      0x20f ./Drivers/STM32F4xx_HAL_Driver/Src/stm32f4xx_hal_spi.o
 .debug_macro   0x0000000000017754      0x201 ./Drivers/STM32F4xx_HAL_Driver/Src/stm32f4xx_hal_tim.o
 .debug_macro   0x0000000000017955      0x200 ./Drivers/STM32F4xx_HAL_Driver/Src/stm32f4xx_hal_tim_ex.o
 .debug_macro   0x0000000000017b55      0x200 ./Drivers/STM32F4xx_HAL_Driver/Src/stm32f4xx_ll_usb.o
 .debug_macro   0x0000000000017d55      0x42e ./Middlewares/ST/STM32_USB_Host_Library/Class/CDC/Src/usbh_cdc.o
 .debug_macro   0x0000000000018183       0x16 ./Middlewares/ST/STM32_USB_Host_Library/Class/CDC/Src/usbh_cdc.o
 .debug_macro   0x0000000000018199       0x97 ./Middlewares/ST/STM32_USB_Host_Library/Class/CDC/Src/usbh_cdc.o
 .debug_macro   0x0000000000018230       0xfd ./Middlewares/ST/STM32_USB_Host_Library/Class/CDC/Src/usbh_cdc.o
 .debug_macro   0x000000000001832d       0x16 ./Middlewares/ST/STM32_USB_Host_Library/Class/CDC/Src/usbh_cdc.o
 .debug_macro   0x0000000000018343       0x20 ./Middlewares/ST/STM32_USB_Host_Library/Class/CDC/Src/usbh_cdc.o
 .debug_macro   0x0000000000018363       0xd9 ./Middlewares/ST/STM32_USB_Host_Library/Class/CDC/Src/usbh_cdc.o
 .debug_macro   0x000000000001843c       0x56 ./Middlewares/ST/STM32_USB_Host_Library/Class/CDC/Src/usbh_cdc.o
 .debug_macro   0x0000000000018492       0x73 ./Middlewares/ST/STM32_USB_Host_Library/Class/CDC/Src/usbh_cdc.o
 .debug_macro   0x0000000000018505      0x218 ./Middlewares/ST/STM32_USB_Host_Library/Class/CDC/Src/usbh_cdc.o
 .debug_macro   0x000000000001871d       0x2e ./Middlewares/ST/STM32_USB_Host_Library/Class/CDC/Src/usbh_cdc.o
 .debug_macro   0x000000000001874b       0x2e ./Middlewares/ST/STM32_USB_Host_Library/Class/CDC/Src/usbh_cdc.o
 .debug_macro   0x0000000000018779       0x28 ./Middlewares/ST/STM32_USB_Host_Library/Class/CDC/Src/usbh_cdc.o
 .debug_macro   0x00000000000187a1      0x15c ./Middlewares/ST/STM32_USB_Host_Library/Class/CDC/Src/usbh_cdc.o
 .debug_macro   0x00000000000188fd      0x42b ./Middlewares/ST/STM32_USB_Host_Library/Core/Src/usbh_core.o
 .debug_macro   0x0000000000018d28      0x423 ./Middlewares/ST/STM32_USB_Host_Library/Core/Src/usbh_ctlreq.o
 .debug_macro   0x000000000001914b       0x28 ./Middlewares/ST/STM32_USB_Host_Library/Core/Src/usbh_ctlreq.o
 .debug_macro   0x0000000000019173      0x41d ./Middlewares/ST/STM32_USB_Host_Library/Core/Src/usbh_ioreq.o
 .debug_macro   0x0000000000019590      0x41d ./Middlewares/ST/STM32_USB_Host_Library/Core/Src/usbh_pipes.o
 .debug_macro   0x00000000000199ad      0x42c ./USB_HOST/App/usb_host.o
 .debug_macro   0x0000000000019dd9      0x1a3 ./USB_HOST/App/usb_host.o
 .debug_macro   0x0000000000019f7c      0x162 ./USB_HOST/App/usb_host.o
 .debug_macro   0x000000000001a0de      0x42d ./USB_HOST/Target/usbh_conf.o
 .debug_macro   0x000000000001a50b      0x214 ./USB_HOST/Target/usbh_platform.o

.debug_line     0x0000000000000000    0x1e68d
 .debug_line    0x0000000000000000      0x6d7 ./Core/Src/dma.o
 .debug_line    0x00000000000006d7      0x771 ./Core/Src/gpio.o
 .debug_line    0x0000000000000e48      0x745 ./Core/Src/i2c.o
 .debug_line    0x000000000000158d      0xb2d ./Core/Src/main.o
 .debug_line    0x00000000000020ba      0x74d ./Core/Src/spi.o
 .debug_line    0x0000000000002807      0x6dd ./Core/Src/stm32f4xx_hal_msp.o
 .debug_line    0x0000000000002ee4      0x7ce ./Core/Src/stm32f4xx_it.o