main.c:74:6:HAL_GPIO_EXTI_Callback	16	static
main.c:151:6:HAL_TIM_PeriodElapsedCallback	16	static
main.c:161:20:TIM10_reinit	8	static
main.c:187:6:HAL_TIM_PWM_PulseFinishedCallback	16	static
main.c:194:6:Set_LED	24	static
main.c:204:6:WS2812_Send	32	static
main.c:240:6:MPU6050_Init_L	32	static
main.c:270:6:MPU6050_Init_R	32	static
main.c:299:6:MPU6050_Read_Accel_L	32	static
main.c:321:6:MPU6050_Read_Accel_R	32	static
main.c:346:6:show_accelerometer	24	static
main.c:371:9:attention_signal	24	static
main.c:368:5:main	32	static
main.c:389:9:turn_signal	32	static
main.c:419:9:warning_signal	32	static
main.c:541:6:SystemClock_Config	88	static
main.c:588:6:Error_Handler	4	static,ignoring_inline_asm
main.c:607:6:assert_failed	16	static
