main.c:74:6:HAL_GPIO_EXTI_Callback	16	static
main.c:187:6:HAL_TIM_PeriodElapsedCallback	16	static
main.c:197:20:TIM10_reinit	8	static
main.c:223:6:HAL_TIM_PWM_PulseFinishedCallback	16	static
main.c:230:6:Set_LED	24	static
main.c:242:6:WS2812_Send	32	static
main.c:278:6:MPU6050_Init_L	32	static
main.c:308:6:MPU6050_Init_R	32	static
main.c:337:6:MPU6050_Read_Accel_L	32	static
main.c:362:6:MPU6050_Read_Accel_R	32	static
main.c:397:9:attention_signal	24	static
main.c:394:5:main	40	static
main.c:415:9:turn_signal	32	static
main.c:445:9:warning_signal	32	static
main.c:645:6:SystemClock_Config	88	static
main.c:692:6:Error_Handler	4	static,ignoring_inline_asm
main.c:711:6:assert_failed	16	static
